Component: ARM Compiler 5.06 update 3 (build 300) Tool: armlink [4d35c9]

==============================================================================

Section Cross References

    main.o(i.Tcp_Client_Init) refers to tcp.o(i.tcp_new) for tcp_new
    main.o(i.Tcp_Client_Init) refers to tcp.o(i.tcp_bind) for tcp_bind
    main.o(i.Tcp_Client_Init) refers to tcp.o(i.tcp_connect) for tcp_connect
    main.o(i.Tcp_Client_Init) refers to ip_addr.o(.constdata) for ip_addr_any
    main.o(i.Tcp_Client_Init) refers to main.o(i.tcp_client_connected) for tcp_client_connected
    main.o(i.Udp_Client_Init) refers to udp.o(i.udp_new) for udp_new
    main.o(i.Udp_Client_Init) refers to udp.o(i.udp_bind) for udp_bind
    main.o(i.Udp_Client_Init) refers to strlen.o(.text) for strlen
    main.o(i.Udp_Client_Init) refers to pbuf.o(i.pbuf_alloc) for pbuf_alloc
    main.o(i.Udp_Client_Init) refers to printf8.o(i.__0printf$8) for __2printf
    main.o(i.Udp_Client_Init) refers to memseta.o(.text) for __aeabi_memclr
    main.o(i.Udp_Client_Init) refers to memcpya.o(.text) for __aeabi_memcpy
    main.o(i.Udp_Client_Init) refers to udp.o(i.udp_sendto) for udp_sendto
    main.o(i.Udp_Client_Init) refers to ip_addr.o(.constdata) for ip_addr_any
    main.o(i.display_task) refers to main.o(i.show_address) for show_address
    main.o(i.display_task) refers to os_task.o(i.OSTaskSuspend) for OSTaskSuspend
    main.o(i.display_task) refers to os_time.o(i.OSTimeDlyHMSM) for OSTimeDlyHMSM
    main.o(i.led_task) refers to os_time.o(i.OSTimeDlyHMSM) for OSTimeDlyHMSM
    main.o(i.main) refers to sys.o(i.Stm32_Clock_Init) for Stm32_Clock_Init
    main.o(i.main) refers to stm32f4xx_hal.o(i.HAL_Init) for HAL_Init
    main.o(i.main) refers to delay.o(i.delay_init) for delay_init
    main.o(i.main) refers to usart.o(i.uart_init) for uart_init
    main.o(i.main) refers to led.o(i.LED_Init) for LED_Init
    main.o(i.main) refers to key.o(i.KEY_Init) for KEY_Init
    main.o(i.main) refers to sdram.o(i.SDRAM_Init) for SDRAM_Init
    main.o(i.main) refers to lcd.o(i.LCD_Init) for LCD_Init
    main.o(i.main) refers to pcf8574.o(i.PCF8574_Init) for PCF8574_Init
    main.o(i.main) refers to malloc.o(i.my_mem_init) for my_mem_init
    main.o(i.main) refers to lcd.o(i.LCD_ShowString) for LCD_ShowString
    main.o(i.main) refers to os_core.o(i.OSInit) for OSInit
    main.o(i.main) refers to delay.o(i.delay_ms) for delay_ms
    main.o(i.main) refers to lcd.o(i.LCD_Fill) for LCD_Fill
    main.o(i.main) refers to lwip_comm.o(i.lwip_comm_init) for lwip_comm_init
    main.o(i.main) refers to os_task.o(i.OSTaskCreate) for OSTaskCreate
    main.o(i.main) refers to os_core.o(i.OSStart) for OSStart
    main.o(i.main) refers to usmart_config.o(.data) for usmart_dev
    main.o(i.main) refers to lcd.o(.data) for POINT_COLOR
    main.o(i.main) refers to main.o(.bss) for START_TASK_STK
    main.o(i.main) refers to main.o(i.start_task) for start_task
    main.o(i.pjlink_task) refers to key.o(i.KEY_Scan) for KEY_Scan
    main.o(i.pjlink_task) refers to main.o(i.Tcp_Client_Init) for Tcp_Client_Init
    main.o(i.pjlink_task) refers to main.o(i.Udp_Client_Init) for Udp_Client_Init
    main.o(i.pjlink_task) refers to main.o(.data) for key
    main.o(i.show_address) refers to printf8.o(i.__0sprintf$8) for __2sprintf
    main.o(i.show_address) refers to lcd.o(i.LCD_ShowString) for LCD_ShowString
    main.o(i.show_address) refers to lwip_comm.o(.bss) for lwipdev
    main.o(i.start_task) refers to os_core.o(i.OSStatInit) for OSStatInit
    main.o(i.start_task) refers to os_cpu_a.o(.text) for OS_CPU_SR_Save
    main.o(i.start_task) refers to os_task.o(i.OSTaskCreate) for OSTaskCreate
    main.o(i.start_task) refers to os_task.o(i.OSTaskSuspend) for OSTaskSuspend
    main.o(i.start_task) refers to main.o(.bss) for LED_TASK_STK
    main.o(i.start_task) refers to main.o(i.pjlink_task) for pjlink_task
    main.o(i.start_task) refers to main.o(i.display_task) for display_task
    main.o(i.tcp_client_connected) refers to mem.o(i.mem_calloc) for mem_calloc
    main.o(i.tcp_client_connected) refers to tcp.o(i.tcp_arg) for tcp_arg
    main.o(i.tcp_client_connected) refers to tcp_out.o(i.tcp_write) for tcp_write
    main.o(i.tcp_client_connected) refers to tcp.o(i.tcp_recv) for tcp_recv
    main.o(i.tcp_client_connected) refers to main.o(i.tcp_client_recv) for tcp_client_recv
    main.o(i.tcp_client_recv) refers to tcp.o(i.tcp_recved) for tcp_recved
    main.o(i.tcp_client_recv) refers to printf8.o(i.__0printf$8) for __2printf
    main.o(i.tcp_client_recv) refers to pbuf.o(i.pbuf_free) for pbuf_free
    main.o(i.tcp_client_recv) refers to tcp_out.o(i.tcp_write) for tcp_write
    main.o(i.tcp_client_recv) refers to mem.o(i.mem_free) for mem_free
    main.o(i.tcp_client_recv) refers to tcp.o(i.tcp_close) for tcp_close
    main.o(i.tcp_client_recv) refers to main.o(.data) for count
[...]
    LTDC_Select_Layer                        0x080069e9   Thumb Code     6  ltdc.o(i.LTDC_Select_Layer)
    MemManage_Handler                        0x08006c07   Thumb Code     4  stm32f4xx_it.o(i.MemManage_Handler)
    NMI_Handler                              0x08006c0b   Thumb Code     2  stm32f4xx_it.o(i.NMI_Handler)
    OSEventNameSet                           0x08006c45   Thumb Code    84  os_core.o(i.OSEventNameSet)
    OSInit                                   0x08006c9d   Thumb Code    44  os_core.o(i.OSInit)
    OSInitHookBegin                          0x08006cc9   Thumb Code    34  os_cpu_c.o(i.OSInitHookBegin)
    OSInitHookEnd                            0x08006cf9   Thumb Code     2  os_cpu_c.o(i.OSInitHookEnd)
    OSIntEnter                               0x08006cfd   Thumb Code    28  os_core.o(i.OSIntEnter)
    OSIntExit                                0x08006d21   Thumb Code   112  os_core.o(i.OSIntExit)
    OSQCreate                                0x08006db1   Thumb Code   144  os_q.o(i.OSQCreate)
    OSQPend                                  0x08006e51   Thumb Code   278  os_q.o(i.OSQPend)
    OSQPost                                  0x08006f75   Thumb Code   114  os_q.o(i.OSQPost)
    OSQQuery                                 0x08006fe7   Thumb Code    98  os_q.o(i.OSQQuery)
    OSSchedLock                              0x08007049   Thumb Code    50  os_core.o(i.OSSchedLock)
    OSSchedUnlock                            0x08007089   Thumb Code    82  os_core.o(i.OSSchedUnlock)
    OSSemCreate                              0x080070e9   Thumb Code    72  os_sem.o(i.OSSemCreate)
    OSSemPend                                0x0800713d   Thumb Code   228  os_sem.o(i.OSSemPend)
    OSSemPost                                0x0800722d   Thumb Code    88  os_sem.o(i.OSSemPost)
    OSStart                                  0x08007285   Thumb Code    48  os_core.o(i.OSStart)
    OSStatInit                               0x080072cd   Thumb Code    62  os_core.o(i.OSStatInit)
    OSTCBInitHook                            0x08007319   Thumb Code    12  os_cpu_c.o(i.OSTCBInitHook)
    OSTaskCreate                             0x08007325   Thumb Code   148  os_task.o(i.OSTaskCreate)
    OSTaskCreateExt                          0x080073c5   Thumb Code   170  os_task.o(i.OSTaskCreateExt)
    OSTaskCreateHook                         0x0800747d   Thumb Code    12  os_cpu_c.o(i.OSTaskCreateHook)
    OSTaskDel                                0x08007489   Thumb Code   306  os_task.o(i.OSTaskDel)
    OSTaskDelHook                            0x080075e9   Thumb Code    12  os_cpu_c.o(i.OSTaskDelHook)
    OSTaskIdleHook                           0x080075f5   Thumb Code     8  os_cpu_c.o(i.OSTaskIdleHook)
    OSTaskNameSet                            0x080075fd   Thumb Code    98  os_task.o(i.OSTaskNameSet)
    OSTaskReturnHook                         0x0800766d   Thumb Code    12  os_cpu_c.o(i.OSTaskReturnHook)
    OSTaskStatHook                           0x08007679   Thumb Code     8  os_cpu_c.o(i.OSTaskStatHook)
    OSTaskStkChk                             0x08007681   Thumb Code   128  os_task.o(i.OSTaskStkChk)
    OSTaskStkInit                            0x08007709   Thumb Code   444  os_cpu_c.o(i.OSTaskStkInit)
    OSTaskSuspend                            0x08007931   Thumb Code   152  os_task.o(i.OSTaskSuspend)
    OSTaskSwHook                             0x080079d9   Thumb Code    52  os_cpu_c.o(i.OSTaskSwHook)
    OSTimeDly                                0x08007a15   Thumb Code   100  os_time.o(i.OSTimeDly)
    OSTimeDlyHMSM                            0x08007a8d   Thumb Code    86  os_time.o(i.OSTimeDlyHMSM)
    OSTimeGet                                0x08007aed   Thumb Code    24  os_time.o(i.OSTimeGet)
    OSTimeTick                               0x08007b09   Thumb Code   210  os_core.o(i.OSTimeTick)
    OSTimeTickHook                           0x08007bf5   Thumb Code     8  os_cpu_c.o(i.OSTimeTickHook)
    OS_Dummy                                 0x08007bfd   Thumb Code     2  os_core.o(i.OS_Dummy)
    OS_EventTaskRdy                          0x08007c01   Thumb Code   128  os_core.o(i.OS_EventTaskRdy)
    OS_EventTaskRemove                       0x08007c91   Thumb Code    46  os_core.o(i.OS_EventTaskRemove)
    OS_EventTaskRemoveMulti                  0x08007cbf   Thumb Code    58  os_core.o(i.OS_EventTaskRemoveMulti)
    OS_EventTaskWait                         0x08007cf9   Thumb Code   112  os_core.o(i.OS_EventTaskWait)
    OS_EventWaitListInit                     0x08007d75   Thumb Code    28  os_core.o(i.OS_EventWaitListInit)
    OS_FlagInit                              0x08007d91   Thumb Code    74  os_flag.o(i.OS_FlagInit)
    OS_FlagUnlink                            0x08007de9   Thumb Code    36  os_flag.o(i.OS_FlagUnlink)
    OS_MemClr                                0x0800802d   Thumb Code    18  os_core.o(i.OS_MemClr)
    OS_QInit                                 0x08008041   Thumb Code    72  os_q.o(i.OS_QInit)
    OS_Sched                                 0x08008091   Thumb Code    88  os_core.o(i.OS_Sched)
    OS_TCBInit                               0x08008131   Thumb Code   292  os_core.o(i.OS_TCBInit)
    OS_TaskIdle                              0x08008271   Thumb Code    34  os_core.o(i.OS_TaskIdle)
    OS_TaskReturn                            0x08008299   Thumb Code    18  os_task.o(i.OS_TaskReturn)
    OS_TaskStat                              0x080082b1   Thumb Code   140  os_core.o(i.OS_TaskStat)
    OS_TaskStatStkChk                        0x08008351   Thumb Code    54  os_core.o(i.OS_TaskStatStkChk)
    OS_TaskStkClr                            0x0800838d   Thumb Code    26  os_task.o(i.OS_TaskStkClr)
    PCF8574_Init                             0x080083a9   Thumb Code    98  pcf8574.o(i.PCF8574_Init)
    PCF8574_ReadOneByte                      0x08008415   Thumb Code    34  pcf8574.o(i.PCF8574_ReadOneByte)
    PCF8574_WriteBit                         0x08008437   Thumb Code    38  pcf8574.o(i.PCF8574_WriteBit)
    PCF8574_WriteOneByte                     0x0800845d   Thumb Code    40  pcf8574.o(i.PCF8574_WriteOneByte)
    SDRAM_Init                               0x08008485   Thumb Code   162  sdram.o(i.SDRAM_Init)
    SDRAM_Send_Cmd                           0x08008531   Thumb Code    68  sdram.o(i.SDRAM_Send_Cmd)
    SVC_Handler                              0x08008579   Thumb Code     2  stm32f4xx_it.o(i.SVC_Handler)
    Stm32_Clock_Init                         0x0800857d   Thumb Code   176  sys.o(i.Stm32_Clock_Init)
    SysTick_Handler                          0x08008635   Thumb Code    28  delay.o(i.SysTick_Handler)
    SystemInit                               0x08008655   Thumb Code    82  system_stm32f4xx.o(i.SystemInit)
    TIM3_IRQHandler                          0x080086b9   Thumb Code    10  timer.o(i.TIM3_IRQHandler)
    TIM4_IRQHandler                          0x080086c9   Thumb Code    58  usmart.o(i.TIM4_IRQHandler)
    TIM_Base_SetConfig                       0x0800870d   Thumb Code   184  stm32f4xx_hal_tim.o(i.TIM_Base_SetConfig)
    Tcp_Client_Init                          0x080087f1   Thumb Code    42  main.o(i.Tcp_Client_Init)
    Timer4_Init                              0x08008829   Thumb Code    84  usmart.o(i.Timer4_Init)
    USART1_IRQHandler                        0x08008c09   Thumb Code    74  usart.o(i.USART1_IRQHandler)
    Udp_Client_Init                          0x08008c61   Thumb Code   104  main.o(i.Udp_Client_Init)
    UsageFault_Handler                       0x08008cf1   Thumb Code     4  stm32f4xx_it.o(i.UsageFault_Handler)
    __0printf$8                              0x08008cf5   Thumb Code    22  printf8.o(i.__0printf$8)
    __1printf$8                              0x08008cf5   Thumb Code     0  printf8.o(i.__0printf$8)
    __2printf                                0x08008cf5   Thumb Code     0  printf8.o(i.__0printf$8)
    __0sprintf$8                             0x08008d15   Thumb Code    34  printf8.o(i.__0sprintf$8)
    __1sprintf$8                             0x08008d15   Thumb Code     0  printf8.o(i.__0sprintf$8)
    __2sprintf                               0x08008d15   Thumb Code     0  printf8.o(i.__0sprintf$8)
    __scatterload_copy                       0x08008d3d   Thumb Code    14  handlers.o(i.__scatterload_copy)
    __scatterload_null                       0x08008d4b   Thumb Code     2  handlers.o(i.__scatterload_null)
    __scatterload_zeroinit                   0x08008d4d   Thumb Code    14  handlers.o(i.__scatterload_zeroinit)
    delay_init                               0x080091e9   Thumb Code    58  delay.o(i.delay_init)
    delay_ms                                 0x0800922d   Thumb Code    66  delay.o(i.delay_ms)
    delay_osschedlock                        0x0800927d   Thumb Code     8  delay.o(i.delay_osschedlock)
    delay_osschedunlock                      0x08009285   Thumb Code     8  delay.o(i.delay_osschedunlock)
    delay_ostimedly                          0x0800928d   Thumb Code    12  delay.o(i.delay_ostimedly)
    delay_us                                 0x08009299   Thumb Code    84  delay.o(i.delay_us)
    display_task                             0x080092f1   Thumb Code    30  main.o(i.display_task)
    etharp_output                            0x08009839   Thumb Code   378  etharp.o(i.etharp_output)
    etharp_query                             0x08009b55   Thumb Code   460  etharp.o(i.etharp_query)
    etharp_request                           0x08009f69   Thumb Code    40  etharp.o(i.etharp_request)
    etharp_tmr                               0x0800a049   Thumb Code   144  etharp.o(i.etharp_tmr)
    ethernet_input                           0x0800a235   Thumb Code   200  etharp.o(i.ethernet_input)
    ethernetif_init                          0x0800a379   Thumb Code    56  ethernetif.o(i.ethernetif_init)
    ethernetif_input                         0x0800a41d   Thumb Code    48  ethernetif.o(i.ethernetif_input)
    fputc                                    0x0800a44d   Thumb Code    22  usart.o(i.fputc)
    icmp_dest_unreach                        0x0800a469   Thumb Code    18  icmp.o(i.icmp_dest_unreach)
    icmp_input                               0x0800a47d   Thumb Code   492  icmp.o(i.icmp_input)
    icmp_time_exceeded                       0x0800a8d1   Thumb Code    18  icmp.o(i.icmp_time_exceeded)
    inet_chksum                              0x0800a8e3   Thumb Code    20  inet_chksum.o(i.inet_chksum)
    inet_chksum_pbuf                         0x0800a8f7   Thumb Code    86  inet_chksum.o(i.inet_chksum_pbuf)
    ip4_addr_isbroadcast                     0x0800a94d   Thumb Code    78  ip_addr.o(i.ip4_addr_isbroadcast)
    ip_frag                                  0x0800a99d   Thumb Code   448  ip_frag.o(i.ip_frag)
    ip_input                                 0x0800ac71   Thumb Code   434  ip.o(i.ip_input)
    ip_output                                0x0800ae39   Thumb Code    84  ip.o(i.ip_output)
    ip_output_if                             0x0800aeed   Thumb Code   252  ip.o(i.ip_output_if)
    ip_reass                                 0x0800b07d   Thumb Code   410  ip_frag.o(i.ip_reass)
    ip_reass_tmr                             0x0800b8a9   Thumb Code    56  ip_frag.o(i.ip_reass_tmr)
    ip_route                                 0x0800b8e5   Thumb Code    80  ip.o(i.ip_route)
    lwip_comm_default_ip_set                 0x0800bc79   Thumb Code    92  lwip_comm.o(i.lwip_comm_default_ip_set)
    lwip_comm_init                           0x0800bcd9   Thumb Code   296  lwip_comm.o(i.lwip_comm_init)
    lwip_comm_mem_free                       0x0800bed9   Thumb Code    44  lwip_comm.o(i.lwip_comm_mem_free)
    lwip_comm_mem_malloc                     0x0800bf15   Thumb Code   100  lwip_comm.o(i.lwip_comm_mem_malloc)
    lwip_htonl                               0x0800bf89   Thumb Code    26  def.o(i.lwip_htonl)
    lwip_htons                               0x0800bfa3   Thumb Code    12  def.o(i.lwip_htons)
    lwip_init                                0x0800bfaf   Thumb Code    36  init.o(i.lwip_init)
    lwip_ntohl                               0x0800bfd3   Thumb Code    12  def.o(i.lwip_ntohl)
    lwip_ntohs                               0x0800bfdf   Thumb Code    12  def.o(i.lwip_ntohs)
    lwip_pkt_handle                          0x0800bfed   Thumb Code    10  lwip_comm.o(i.lwip_pkt_handle)
    lwip_socket_init                         0x0800bffd   Thumb Code     2  sockets.o(i.lwip_socket_init)
    main                                     0x0800c05d   Thumb Code   276  main.o(i.main)
    mem_calloc                               0x0800c1ed   Thumb Code    34  mem.o(i.mem_calloc)
    mem_free                                 0x0800c211   Thumb Code   182  mem.o(i.mem_free)
    mem_init                                 0x0800c379   Thumb Code   114  mem.o(i.mem_init)
    mem_malloc                               0x0800c46d   Thumb Code   390  mem.o(i.mem_malloc)
    mem_trim                                 0x0800c6f5   Thumb Code   338  mem.o(i.mem_trim)
    memp_free                                0x0800c8e1   Thumb Code    74  memp.o(i.memp_free)
    memp_get_memorysize                      0x0800c9a1   Thumb Code     8  memp.o(i.memp_get_memorysize)
    memp_init                                0x0800c9a9   Thumb Code    86  memp.o(i.memp_init)
    memp_malloc                              0x0800ca11   Thumb Code   104  memp.o(i.memp_malloc)
    my_mem_free                              0x0800cb11   Thumb Code    96  malloc.o(i.my_mem_free)
    my_mem_init                              0x0800cb7d   Thumb Code    34  malloc.o(i.my_mem_init)
    my_mem_malloc                            0x0800cba9   Thumb Code   156  malloc.o(i.my_mem_malloc)
    my_mem_perused                           0x0800cc51   Thumb Code    56  malloc.o(i.my_mem_perused)
    myfree                                   0x0800cc91   Thumb Code    30  malloc.o(i.myfree)
    mymalloc                                 0x0800ccb5   Thumb Code    34  malloc.o(i.mymalloc)
    mymemset                                 0x0800ccdd   Thumb Code    20  malloc.o(i.mymemset)
    netif_add                                0x0800ccf1   Thumb Code   146  netif.o(i.netif_add)
    netif_init                               0x0800cdf5   Thumb Code     2  netif.o(i.netif_init)
    netif_set_addr                           0x0800cdf7   Thumb Code    40  netif.o(i.netif_set_addr)
    netif_set_default                        0x0800ce21   Thumb Code    10  netif.o(i.netif_set_default)
    netif_set_gw                             0x0800ce31   Thumb Code    16  netif.o(i.netif_set_gw)
    netif_set_ipaddr                         0x0800ce41   Thumb Code   124  netif.o(i.netif_set_ipaddr)
    netif_set_netmask                        0x0800cec5   Thumb Code    16  netif.o(i.netif_set_netmask)
    netif_set_up                             0x0800ced5   Thumb Code    54  netif.o(i.netif_set_up)
    pbuf_alloc                               0x0800cf0d   Thumb Code   652  pbuf.o(i.pbuf_alloc)
    pbuf_alloced_custom                      0x0800d329   Thumb Code   148  pbuf.o(i.pbuf_alloced_custom)
    pbuf_cat                                 0x0800d431   Thumb Code   126  pbuf.o(i.pbuf_cat)
    pbuf_chain                               0x0800d579   Thumb Code    26  pbuf.o(i.pbuf_chain)
    pbuf_clen                                0x0800d593   Thumb Code    18  pbuf.o(i.pbuf_clen)
    pbuf_copy                                0x0800d5a5   Thumb Code   326  pbuf.o(i.pbuf_copy)
    pbuf_copy_partial                        0x0800d7dd   Thumb Code   182  pbuf.o(i.pbuf_copy_partial)
    pbuf_free                                0x0800d929   Thumb Code   272  pbuf.o(i.pbuf_free)
    pbuf_header                              0x0800dae9   Thumb Code   200  pbuf.o(i.pbuf_header)
    pbuf_realloc                             0x0800dc3d   Thumb Code   248  pbuf.o(i.pbuf_realloc)
    pbuf_ref                                 0x0800de01   Thumb Code    26  pbuf.o(i.pbuf_ref)
    pjlink_task                              0x0800de1d   Thumb Code    40  main.o(i.pjlink_task)
    raw_input                                0x0800dffd   Thumb Code   102  raw.o(i.raw_input)
    read_addr                                0x0800e071   Thumb Code     6  usmart.o(i.read_addr)
    show_address                             0x0800e079   Thumb Code   292  main.o(i.show_address)
    start_task                               0x0800e231   Thumb Code    54  main.o(i.start_task)
    sys_arch_mbox_fetch                      0x0800e279   Thumb Code   158  sys_arch.o(i.sys_arch_mbox_fetch)
    sys_arch_sem_wait                        0x0800e36d   Thumb Code   100  sys_arch.o(i.sys_arch_sem_wait)
    sys_init                                 0x0800e3d1   Thumb Code     2  sys_arch.o(i.sys_init)
    sys_mbox_new                             0x0800e3d5   Thumb Code   108  sys_arch.o(i.sys_mbox_new)
    sys_mbox_trypost                         0x0800e491   Thumb Code    32  sys_arch.o(i.sys_mbox_trypost)
    sys_mbox_valid                           0x0800e4b5   Thumb Code    56  sys_arch.o(i.sys_mbox_valid)
    sys_sem_new                              0x0800e4ed   Thumb Code    62  sys_arch.o(i.sys_sem_new)
    sys_sem_signal                           0x0800e58d   Thumb Code    12  sys_arch.o(i.sys_sem_signal)
    sys_thread_new                           0x0800e599   Thumb Code    66  sys_arch.o(i.sys_thread_new)
    sys_timeout                              0x0800e5f1   Thumb Code   174  timers.o(i.sys_timeout)
    sys_timeouts_init                        0x0800e739   Thumb Code    28  timers.o(i.sys_timeouts_init)
    sys_timeouts_mbox_fetch                  0x0800e75d   Thumb Code   132  timers.o(i.sys_timeouts_mbox_fetch)
    sys_untimeout                            0x0800e7e5   Thumb Code    90  timers.o(i.sys_untimeout)
    tcp_abandon                              0x0800e845   Thumb Code   164  tcp.o(i.tcp_abandon)
    tcp_abort                                0x0800e979   Thumb Code    14  tcp.o(i.tcp_abort)
    tcp_alloc                                0x0800e989   Thumb Code   180  tcp.o(i.tcp_alloc)
    tcp_arg                                  0x0800ea4d   Thumb Code     4  tcp.o(i.tcp_arg)
    tcp_bind                                 0x0800ea51   Thumb Code   166  tcp.o(i.tcp_bind)
    tcp_close                                0x0800ec65   Thumb Code    28  tcp.o(i.tcp_close)
    tcp_connect                              0x0800eecd   Thumb Code   348  tcp.o(i.tcp_connect)
    tcp_eff_send_mss                         0x0800f171   Thumb Code    46  tcp.o(i.tcp_eff_send_mss)
    tcp_enqueue_flags                        0x0800f1a1   Thumb Code   418  tcp_out.o(i.tcp_enqueue_flags)
    tcp_fasttmr                              0x0800f445   Thumb Code   114  tcp.o(i.tcp_fasttmr)
    tcp_init                                 0x0800f4c5   Thumb Code     2  tcp.o(i.tcp_init)
    tcp_input                                0x0800f4c9   Thumb Code  1680  tcp_in.o(i.tcp_input)
    tcp_keepalive                            0x0800fb81   Thumb Code    84  tcp_out.o(i.tcp_keepalive)
    tcp_new                                  0x0800fda9   Thumb Code    10  tcp.o(i.tcp_new)
    tcp_next_iss                             0x0800fe1d   Thumb Code    20  tcp.o(i.tcp_next_iss)
    tcp_output                               0x0800fe39   Thumb Code   492  tcp_out.o(i.tcp_output)
    tcp_pcb_purge                            0x08010475   Thumb Code    88  tcp.o(i.tcp_pcb_purge)
    tcp_pcb_remove                           0x080104cd   Thumb Code   184  tcp.o(i.tcp_pcb_remove)
    tcp_process_refused_data                 0x08010ca5   Thumb Code   148  tcp.o(i.tcp_process_refused_data)
    tcp_recv                                 0x0801165d   Thumb Code    38  tcp.o(i.tcp_recv)
    tcp_recv_null                            0x080116fd   Thumb Code    46  tcp.o(i.tcp_recv_null)
    tcp_recved                               0x0801172d   Thumb Code   128  tcp.o(i.tcp_recved)
    tcp_rexmit                               0x08011849   Thumb Code    90  tcp_out.o(i.tcp_rexmit)
    tcp_rexmit_fast                          0x080118a3   Thumb Code   120  tcp_out.o(i.tcp_rexmit_fast)
    tcp_rexmit_rto                           0x0801191b   Thumb Code    58  tcp_out.o(i.tcp_rexmit_rto)
    tcp_rst                                  0x08011955   Thumb Code   156  tcp_out.o(i.tcp_rst)
    tcp_seg_free                             0x08011a75   Thumb Code    26  tcp.o(i.tcp_seg_free)
    tcp_segs_free                            0x08011a8f   Thumb Code    24  tcp.o(i.tcp_segs_free)
    tcp_send_empty_ack                       0x08011aa7   Thumb Code    86  tcp_out.o(i.tcp_send_empty_ack)
    tcp_send_fin                             0x08011afd   Thumb Code    74  tcp_out.o(i.tcp_send_fin)
    tcp_slowtmr                              0x08011b49   Thumb Code  1436  tcp.o(i.tcp_slowtmr)
    tcp_timer_needed                         0x08012139   Thumb Code    38  timers.o(i.tcp_timer_needed)
    tcp_tmr                                  0x0801221d   Thumb Code    30  tcp.o(i.tcp_tmr)
    tcp_update_rcv_ann_wnd                   0x08012241   Thumb Code   102  tcp.o(i.tcp_update_rcv_ann_wnd)
    tcp_write                                0x08012315   Thumb Code  1688  tcp_out.o(i.tcp_write)
    tcp_zero_window_probe                    0x08012bb5   Thumb Code   180  tcp_out.o(i.tcp_zero_window_probe)
    tcpip_init                               0x08012c69   Thumb Code    72  tcpip.o(i.tcpip_init)
    tcpip_input                              0x08012d45   Thumb Code    72  tcpip.o(i.tcpip_input)
    uart_init                                0x08012f2d   Thumb Code    44  usart.o(i.uart_init)
    udp_bind                                 0x08012f65   Thumb Code   170  udp.o(i.udp_bind)
    udp_init                                 0x08013071   Thumb Code     2  udp.o(i.udp_init)
    udp_input                                0x08013075   Thumb Code   454  udp.o(i.udp_input)
    udp_new                                  0x080132c1   Thumb Code    28  udp.o(i.udp_new)
    udp_sendto                               0x08013335   Thumb Code    54  udp.o(i.udp_sendto)
    udp_sendto_if                            0x0801336d   Thumb Code   264  udp.o(i.udp_sendto_if)
    usmart_cmd_rec                           0x080134f5   Thumb Code   170  usmart.o(i.usmart_cmd_rec)
    usmart_exe                               0x080135a5   Thumb Code   632  usmart.o(i.usmart_exe)
    usmart_get_aparm                         0x08013879   Thumb Code   200  usmart_str.o(i.usmart_get_aparm)
    usmart_get_cmdname                       0x08013941   Thumb Code    54  usmart_str.o(i.usmart_get_cmdname)
    usmart_get_fname                         0x08013979   Thumb Code   440  usmart_str.o(i.usmart_get_fname)
    usmart_get_fparam                        0x08013b39   Thumb Code   262  usmart_str.o(i.usmart_get_fparam)
    usmart_get_parmpos                       0x08013c45   Thumb Code    26  usmart_str.o(i.usmart_get_parmpos)
    usmart_get_runtime                       0x08013c65   Thumb Code    58  usmart.o(i.usmart_get_runtime)
    usmart_init                              0x08013ca9   Thumb Code    36  usmart.o(i.usmart_init)
    usmart_pow                               0x08013cd1   Thumb Code    22  usmart_str.o(i.usmart_pow)
    usmart_reset_runtime                     0x08013ce9   Thumb Code    44  usmart.o(i.usmart_reset_runtime)
    usmart_scan                              0x08013d1d   Thumb Code   120  usmart.o(i.usmart_scan)
    usmart_search_nextc                      0x08013dd9   Thumb Code    22  usmart_str.o(i.usmart_search_nextc)
    usmart_str2num                           0x08013def   Thumb Code   202  usmart_str.o(i.usmart_str2num)
    usmart_strcmp                            0x08013eb9   Thumb Code    34  usmart_str.o(i.usmart_strcmp)
    usmart_strcopy                           0x08013edb   Thumb Code    22  usmart_str.o(i.usmart_strcopy)
    usmart_strlen                            0x08013ef1   Thumb Code    24  usmart_str.o(i.usmart_strlen)
    usmart_sys_cmd_exe                       0x08013f09   Thumb Code  1554  usmart.o(i.usmart_sys_cmd_exe)
    write_addr                               0x080145ed   Thumb Code     4  usmart.o(i.write_addr)
    APBAHBPrescTable                         0x080145f0   Data          16  stm32f4xx_hal_rcc.o(.constdata)
    asc2_1206                                0x08014600   Data        1140  lcd.o(.constdata)
    asc2_1608                                0x08014a74   Data        1520  lcd.o(.constdata)
    asc2_2412                                0x08015064   Data        3420  lcd.o(.constdata)
    asc2_3216                                0x08015dc0   Data       12160  lcd.o(.constdata)
    memtblsize                               0x08018d40   Data          12  malloc.o(.constdata)
    memblksize                               0x08018d4c   Data          12  malloc.o(.constdata)
    memsize                                  0x08018d58   Data          12  malloc.o(.constdata)
    ethbroadcast                             0x08018d64   Data           6  etharp.o(.constdata)
    ethzero                                  0x08018d6a   Data           6  etharp.o(.constdata)
    ip_addr_any                              0x08018d70   Data           4  ip_addr.o(.constdata)
    ip_addr_broadcast                        0x08018d74   Data           4  ip_addr.o(.constdata)
    tcp_state_str                            0x08018db0   Data          44  tcp.o(.constdata)
    tcp_backoff                              0x08018ddc   Data          13  tcp.o(.constdata)
    tcp_persist_backoff                      0x08018de9   Data           7  tcp.o(.constdata)
    tcp_pcb_lists                            0x08018df0   Data          16  tcp.o(.constdata)
    pvNullPointer                            0x08018e00   Data           4  sys_arch.o(.constdata)
    OSUnMapTbl                               0x08018e04   Data         256  os_core.o(.constdata)
    Region$$Table$$Base                      0x08019158   Number         0  anon$$obj.o(Region$$Table)
    Region$$Table$$Limit                     0x08019178   Number         0  anon$$obj.o(Region$$Table)
    mem3base                                 0x10000000   Data       61440  malloc.o(.ARM.__AT_0x10000000)
    mem3mapbase                              0x1000f000   Data        3840  malloc.o(.ARM.__AT_0x1000F000)
    key                                      0x20000000   Data           1  main.o(.data)
    count                                    0x20000004   Data           4  main.o(.data)
    SystemCoreClock                          0x20000008   Data           4  system_stm32f4xx.o(.data)
    AHBPrescTable                            0x2000000c   Data          16  system_stm32f4xx.o(.data)
    __stdout                                 0x20000028   Data           4  usart.o(.data)
    USART_RX_STA                             0x2000002c   Data           2  usart.o(.data)
    aRxBuffer                                0x2000002e   Data           1  usart.o(.data)
    POINT_COLOR                              0x20000030   Data           4  lcd.o(.data)
    BACK_COLOR                               0x20000034   Data           4  lcd.o(.data)
    ltdc_framebuf                            0x20000038   Data           8  ltdc.o(.data)
    DMARxDscrTab                             0x20000040   Data           4  lan8720.o(.data)
    DMATxDscrTab                             0x20000044   Data           4  lan8720.o(.data)
    Rx_Buff                                  0x20000048   Data           4  lan8720.o(.data)
    Tx_Buff                                  0x2000004c   Data           4  lan8720.o(.data)
    sys_cmd_tab                              0x20000050   Data          28  usmart.o(.data)
    usmart_nametab                           0x2000006c   Data          32  usmart_config.o(.data)
    usmart_dev                               0x2000008c   Data         244  usmart_config.o(.data)
    mallco_dev                               0x20000180   Data          36  malloc.o(.data)
    TCPIP_THREAD_TASK_STK                    0x200001a4   Data           4  lwip_comm.o(.data)
    LWIP_DHCP_TASK_STK                       0x200001a8   Data           4  lwip_comm.o(.data)
    current_netif                            0x200001b0   Data           4  ip.o(.data)
    current_header                           0x200001b4   Data           4  ip.o(.data)
    current_iphdr_src                        0x200001b8   Data           4  ip.o(.data)
    current_iphdr_dest                       0x200001bc   Data           4  ip.o(.data)
    ram_heap                                 0x200001cc   Data           4  mem.o(.data)
    memp_memory                              0x20000218   Data           4  memp.o(.data)
    netif_list                               0x2000021c   Data           4  netif.o(.data)
    netif_default                            0x20000220   Data           4  netif.o(.data)
    tcp_ticks                                0x20000230   Data           4  tcp.o(.data)
    tcp_bound_pcbs                           0x20000234   Data           4  tcp.o(.data)
    tcp_listen_pcbs                          0x20000238   Data           4  tcp.o(.data)
    tcp_active_pcbs                          0x2000023c   Data           4  tcp.o(.data)
    tcp_tw_pcbs                              0x20000240   Data           4  tcp.o(.data)
    tcp_tmp_pcb                              0x20000244   Data           4  tcp.o(.data)
    tcp_active_pcbs_changed                  0x20000248   Data           1  tcp.o(.data)
    tcp_input_pcb                            0x2000026c   Data           4  tcp_in.o(.data)
    udp_pcbs                                 0x2000027c   Data           4  udp.o(.data)
    OSCtxSwCtr                               0x2000028c   Data           4  os_core.o(.data)
    OSEventFreeList                          0x20000290   Data           4  os_core.o(.data)
    OSFlagFreeList                           0x20000294   Data           4  os_core.o(.data)
    OSCPUUsage                               0x20000298   Data           1  os_core.o(.data)
    OSIdleCtrMax                             0x2000029c   Data           4  os_core.o(.data)
    OSIdleCtrRun                             0x200002a0   Data           4  os_core.o(.data)
    OSStatRdy                                0x200002a4   Data           1  os_core.o(.data)
    OSIntNesting                             0x200002a5   Data           1  os_core.o(.data)
    OSLockNesting                            0x200002a6   Data           1  os_core.o(.data)
    OSPrioCur                                0x200002a7   Data           1  os_core.o(.data)
    OSPrioHighRdy                            0x200002a8   Data           1  os_core.o(.data)
    OSRdyGrp                                 0x200002a9   Data           1  os_core.o(.data)
    OSRdyTbl                                 0x200002aa   Data           8  os_core.o(.data)
    OSRunning                                0x200002b2   Data           1  os_core.o(.data)
    OSTaskCtr                                0x200002b3   Data           1  os_core.o(.data)
    OSIdleCtr                                0x200002b4   Data           4  os_core.o(.data)
    OSTCBCur                                 0x200002b8   Data           4  os_core.o(.data)
    OSTCBFreeList                            0x200002bc   Data           4  os_core.o(.data)
    OSTCBHighRdy                             0x200002c0   Data           4  os_core.o(.data)
    OSTCBList                                0x200002c4   Data           4  os_core.o(.data)
    OSTickStepState                          0x200002c8   Data           1  os_core.o(.data)
    OSQFreeList                              0x200002cc   Data           4  os_core.o(.data)
    OSTaskRegNextAvailID                     0x200002d0   Data           1  os_core.o(.data)
    OSTime                                   0x200002d4   Data           4  os_core.o(.data)
    OS_CPU_ExceptStkBase                     0x200002d8   Data           4  os_cpu_c.o(.data)
    DISPLAY_TASK_STK                         0x200002dc   Data         512  main.o(.bss)
    LED_TASK_STK                             0x200004dc   Data        4096  main.o(.bss)
    START_TASK_STK                           0x200014dc   Data        4096  main.o(.bss)
    USART_RX_BUF                             0x200024dc   Data         200  usart.o(.bss)
    UART1_Handler                            0x200025a4   Data          64  usart.o(.bss)
    SRAM_Handler                             0x200025e4   Data          80  lcd.o(.bss)
    lcddev                                   0x20002634   Data          14  lcd.o(.bss)
    SDRAM_Handler                            0x20002644   Data          52  sdram.o(.bss)
    LTDC_Handler                             0x20002678   Data         168  ltdc.o(.bss)
    DMA2D_Handler                            0x20002720   Data          64  ltdc.o(.bss)
    lcdltdc                                  0x20002760   Data          32  ltdc.o(.bss)
    ETH_Handler                              0x20002780   Data          72  lan8720.o(.bss)
    TIM3_Handler                             0x200027c8   Data          60  timer.o(.bss)
    TIM4_Handler                             0x20002804   Data          60  usmart.o(.bss)
    mem1base                                 0x20002840   Data       102400  malloc.o(.bss)
    mem1mapbase                              0x2001b840   Data        6400  malloc.o(.bss)
    lwipdev                                  0x2001d140   Data          23  lwip_comm.o(.bss)
    lwip_netif                               0x2001d158   Data          48  lwip_comm.o(.bss)
    OSEventTbl                               0x2001d29c   Data         480  os_core.o(.bss)
    OSFlagTbl                                0x2001d47c   Data          80  os_core.o(.bss)
    OSTaskStatStk                            0x2001d4cc   Data         512  os_core.o(.bss)
    OSTaskIdleStk                            0x2001d6cc   Data         512  os_core.o(.bss)
    OSTCBPrioTbl                             0x2001d8cc   Data         256  os_core.o(.bss)
    OSTCBTbl                                 0x2001d9cc   Data        1936  os_core.o(.bss)
    OSQTbl                                   0x2001e15c   Data          96  os_core.o(.bss)
    OS_CPU_ExceptStk                         0x2001e1bc   Data         512  os_cpu_c.o(.bss)
    __initial_sp                             0x2001e7c0   Data           0  startup_stm32f429xx.o(STACK)
    ltdc_lcd_framebuf                        0xc0000000   Data       2048000  ltdc.o(.ARM.__AT_0xC0000000)
    mem2base                                 0xc01f4000   Data       29605888  malloc.o(.ARM.__AT_0xC01F4000)
    mem2mapbase                              0xc1e30000   Data       1850368  malloc.o(.ARM.__AT_0xC1E30000)



==============================================================================

Memory Map of the image

  Image Entry point : 0x080001ad

  Load Region LR_IROM1 (Base: 0x08000000, Size: 0x00019454, Max: 0x00100000, ABSOLUTE, COMPRESSED[0x00019234])

    Execution Region ER_IROM1 (Base: 0x08000000, Size: 0x00019178, Max: 0x00100000, ABSOLUTE)

    Base Addr    Size         Type   Attr      Idx    E Section Name        Object

    0x08000000   0x000001ac   Data   RO          657    RESET               startup_stm32f429xx.o
    0x080001ac   0x00000000   Code   RO         9220  * .ARM.Collect$$$$00000000  mc_w.l(entry.o)
    0x080001ac   0x00000004   Code   RO         9532    .ARM.Collect$$$$00000001  mc_w.l(entry2.o)
    0x080001b0   0x00000004   Code   RO         9535    .ARM.Collect$$$$00000004  mc_w.l(entry5.o)
    0x080001b4   0x00000000   Code   RO         9537    .ARM.Collect$$$$00000008  mc_w.l(entry7b.o)
    0x080001b4   0x00000000   Code   RO         9539    .ARM.Collect$$$$0000000A  mc_w.l(entry8b.o)
    0x080001b4   0x00000008   Code   RO         9540    .ARM.Collect$$$$0000000B  mc_w.l(entry9a.o)
    0x080001bc   0x00000000   Code   RO         9542    .ARM.Collect$$$$0000000D  mc_w.l(entry10a.o)
    0x080001bc   0x00000000   Code   RO         9544    .ARM.Collect$$$$0000000F  mc_w.l(entry11a.o)
    0x080001bc   0x00000004   Code   RO         9533    .ARM.Collect$$$$00002712  mc_w.l(entry2.o)
    0x080001c0   0x00000010   Code   RO         3864    .emb_text           sys.o
    0x080001d0   0x0000004c   Code   RO          658    .text               startup_stm32f429xx.o
    0x0800021c   0x000000dc   Code   RO         9151    .text               os_cpu_a.o
    0x080002f8   0x00000062   Code   RO         9223    .text               mc_w.l(uldiv.o)
    0x0800035a   0x00000024   Code   RO         9253    .text               mc_w.l(memcpya.o)
    0x0800037e   0x00000024   Code   RO         9255    .text               mc_w.l(memseta.o)
    0x080003a2   0x0000000e   Code   RO         9257    .text               mc_w.l(strlen.o)
    0x080003b0   0x0000001c   Code   RO         9259    .text               mc_w.l(strcmp.o)
    0x080003cc   0x0000001a   Code   RO         9261    .text               mc_w.l(memcmp.o)
    0x080003e6   0x000000e4   Code   RO         9526    .text               mf_w.l(dmul.o)
    0x080004ca   0x0000001a   Code   RO         9528    .text               mf_w.l(dfltui.o)
    0x080004e4   0x00000032   Code   RO         9530    .text               mf_w.l(dfixui.o)
    0x08000516   0x0000001e   Code   RO         9548    .text               mc_w.l(llshl.o)
    0x08000534   0x00000020   Code   RO         9550    .text               mc_w.l(llushr.o)
    0x08000554   0x00000000   Code   RO         9552    .text               mc_w.l(iusefp.o)
    0x08000554   0x000000ba   Code   RO         9553    .text               mf_w.l(depilogue.o)
    0x0800060e   0x00000002   PAD
    0x08000610   0x00000024   Code   RO         9563    .text               mc_w.l(init.o)
    0x08000634   0x00000056   Code   RO         9575    .text               mc_w.l(__dczerorl2.o)
    0x0800068a   0x00000002   Code   RO         9157    i.App_TCBInitHook   app_hooks.o
    0x0800068c   0x00000002   Code   RO         9158    i.App_TaskCreateHook  app_hooks.o
    0x0800068e   0x00000002   Code   RO         9159    i.App_TaskDelHook   app_hooks.o
    0x08000690   0x00000002   Code   RO         9160    i.App_TaskIdleHook  app_hooks.o
    0x08000692   0x00000002   Code   RO         9161    i.App_TaskReturnHook  app_hooks.o
    0x08000694   0x00000002   Code   RO         9162    i.App_TaskStatHook  app_hooks.o
    0x08000696   0x00000002   Code   RO         9163    i.App_TaskSwHook    app_hooks.o
    0x08000698   0x00000002   Code   RO         9164    i.App_TimeTickHook  app_hooks.o
    0x0800069a   0x00000004   Code   RO          452    i.BusFault_Handler  stm32f4xx_it.o
    0x0800069e   0x00000002   Code   RO          453    i.DebugMon_Handler  stm32f4xx_it.o
    0x080006a0   0x00000016   Code   RO         3610    i.ETH_DMAReceptionEnable  stm32f4xx_hal_eth.o
    0x080006b6   0x00000016   Code   RO         3612    i.ETH_DMATransmissionEnable  stm32f4xx_hal_eth.o
    0x080006cc   0x00000038   Code   RO         3613    i.ETH_FlushTransmitFIFO  stm32f4xx_hal_eth.o
    0x08000704   0x00000024   Code   RO         4521    i.ETH_GetRxPktSize  lan8720.o
    0x08000728   0x0000003c   Code   RO         4522    i.ETH_IRQHandler    lan8720.o
    0x08000764   0x00000034   Code   RO         3614    i.ETH_MACAddressConfig  stm32f4xx_hal_eth.o
    0x08000798   0x00000244   Code   RO         3615    i.ETH_MACDMAConfig  stm32f4xx_hal_eth.o
    0x080009dc   0x00000028   Code   RO         3617    i.ETH_MACReceptionEnable  stm32f4xx_hal_eth.o
    0x08000a04   0x00000028   Code   RO         3619    i.ETH_MACTransmissionEnable  stm32f4xx_hal_eth.o
    0x08000a2c   0x00000054   Code   RO         4524    i.ETH_Mem_Malloc    lan8720.o
    0x08000a80   0x00000048   Code   RO         2827    i.FMC_NORSRAM_Extended_Timing_Init  stm32f4xx_ll_fmc.o
    0x08000ac8   0x00000080   Code   RO         2828    i.FMC_NORSRAM_Init  stm32f4xx_ll_fmc.o
    0x08000b48   0x0000005e   Code   RO         2829    i.FMC_NORSRAM_Timing_Init  stm32f4xx_ll_fmc.o
    0x08000ba6   0x00000074   Code   RO         2839    i.FMC_SDRAM_Init    stm32f4xx_ll_fmc.o
    0x08000c1a   0x0000000e   Code   RO         2840    i.FMC_SDRAM_ProgramRefreshRate  stm32f4xx_ll_fmc.o
    0x08000c28   0x00000052   Code   RO         2841    i.FMC_SDRAM_SendCommand  stm32f4xx_ll_fmc.o
    0x08000c7a   0x00000098   Code   RO         2843    i.FMC_SDRAM_Timing_Init  stm32f4xx_ll_fmc.o
    0x08000d12   0x0000001a   Code   RO          672    i.HAL_Delay         stm32f4xx_hal.o
    0x08000d2c   0x0000008c   Code   RO         3622    i.HAL_ETH_DMARxDescListInit  stm32f4xx_hal_eth.o
    0x08000db8   0x00000084   Code   RO         3623    i.HAL_ETH_DMATxDescListInit  stm32f4xx_hal_eth.o
    0x08000e3c   0x000000b2   Code   RO         3626    i.HAL_ETH_GetReceivedFrame  stm32f4xx_hal_eth.o
    0x08000eee   0x00000002   PAD
    0x08000ef0   0x00000244   Code   RO         3630    i.HAL_ETH_Init      stm32f4xx_hal_eth.o
    0x08001134   0x0000014c   Code   RO         4525    i.HAL_ETH_MspInit   lan8720.o
    0x08001280   0x00000090   Code   RO         3633    i.HAL_ETH_ReadPHYRegister  stm32f4xx_hal_eth.o
    0x08001310   0x00000052   Code   RO         3635    i.HAL_ETH_Start     stm32f4xx_hal_eth.o
    0x08001362   0x0000013e   Code   RO         3637    i.HAL_ETH_TransmitFrame  stm32f4xx_hal_eth.o
    0x080014a0   0x00000090   Code   RO         3639    i.HAL_ETH_WritePHYRegister  stm32f4xx_hal_eth.o
    0x08001530   0x0000021c   Code   RO          954    i.HAL_GPIO_Init     stm32f4xx_hal_gpio.o
    0x0800174c   0x00000010   Code   RO          956    i.HAL_GPIO_ReadPin  stm32f4xx_hal_gpio.o
    0x0800175c   0x0000000c   Code   RO          958    i.HAL_GPIO_WritePin  stm32f4xx_hal_gpio.o
    0x08001768   0x0000000c   Code   RO          680    i.HAL_GetTick       stm32f4xx_hal.o
    0x08001774   0x00000010   Code   RO          681    i.HAL_IncTick       stm32f4xx_hal.o
    0x08001784   0x0000003c   Code   RO          682    i.HAL_Init          stm32f4xx_hal.o
    0x080017c0   0x00000024   Code   RO          683    i.HAL_InitTick      stm32f4xx_hal.o
    0x080017e4   0x0000005e   Code   RO         3277    i.HAL_LTDC_ConfigLayer  stm32f4xx_hal_ltdc.o
    0x08001842   0x00000002   PAD
    0x08001844   0x00000128   Code   RO         3289    i.HAL_LTDC_Init     stm32f4xx_hal_ltdc.o
    0x0800196c   0x0000015c   Code   RO         4291    i.HAL_LTDC_MspInit  ltdc.o
    0x08001ac8   0x0000006c   Code   RO         3298    i.HAL_LTDC_SetWindowPosition  stm32f4xx_hal_ltdc.o
    0x08001b34   0x00000074   Code   RO         3299    i.HAL_LTDC_SetWindowSize  stm32f4xx_hal_ltdc.o
    0x08001ba8   0x0000000a   Code   RO          685    i.HAL_MspInit       stm32f4xx_hal.o
    0x08001bb2   0x0000001a   Code   RO          826    i.HAL_NVIC_EnableIRQ  stm32f4xx_hal_cortex.o
    0x08001bcc   0x0000007c   Code   RO          832    i.HAL_NVIC_SetPriority  stm32f4xx_hal_cortex.o
    0x08001c48   0x00000028   Code   RO          833    i.HAL_NVIC_SetPriorityGrouping  stm32f4xx_hal_cortex.o
    0x08001c70   0x000000a4   Code   RO         1143    i.HAL_PWREx_EnableOverDrive  stm32f4xx_hal_pwr_ex.o
    0x08001d14   0x00000368   Code   RO         1315    i.HAL_RCCEx_PeriphCLKConfig  stm32f4xx_hal_rcc_ex.o
    0x0800207c   0x000002b0   Code   RO         1210    i.HAL_RCC_ClockConfig  stm32f4xx_hal_rcc.o
    0x0800232c   0x00000038   Code   RO         1215    i.HAL_RCC_GetHCLKFreq  stm32f4xx_hal_rcc.o
    0x08002364   0x0000002c   Code   RO         1217    i.HAL_RCC_GetPCLK1Freq  stm32f4xx_hal_rcc.o
    0x08002390   0x0000002c   Code   RO         1218    i.HAL_RCC_GetPCLK2Freq  stm32f4xx_hal_rcc.o
    0x080023bc   0x000000b4   Code   RO         1219    i.HAL_RCC_GetSysClockFreq  stm32f4xx_hal_rcc.o
    0x08002470   0x00000408   Code   RO         1222    i.HAL_RCC_OscConfig  stm32f4xx_hal_rcc.o
    0x08002878   0x00000040   Code   RO         3125    i.HAL_SDRAM_Init    stm32f4xx_hal_sdram.o
    0x080028b8   0x00000134   Code   RO         4239    i.HAL_SDRAM_MspInit  sdram.o
    0x080029ec   0x00000028   Code   RO         3128    i.HAL_SDRAM_ProgramRefreshRate  stm32f4xx_hal_sdram.o
    0x08002a14   0x0000003a   Code   RO         3134    i.HAL_SDRAM_SendCommand  stm32f4xx_hal_sdram.o
    0x08002a4e   0x00000058   Code   RO         3003    i.HAL_SRAM_Init     stm32f4xx_hal_sram.o
    0x08002aa6   0x00000002   PAD
    0x08002aa8   0x000000a4   Code   RO         4012    i.HAL_SRAM_MspInit  lcd.o
    0x08002b4c   0x00000028   Code   RO          835    i.HAL_SYSTICK_CLKSourceConfig  stm32f4xx_hal_cortex.o
    0x08002b74   0x00000034   Code   RO          837    i.HAL_SYSTICK_Config  stm32f4xx_hal_cortex.o
    0x08002ba8   0x00000002   Code   RO         2580    i.HAL_TIMEx_BreakCallback  stm32f4xx_hal_tim_ex.o
    0x08002baa   0x00000002   Code   RO         2581    i.HAL_TIMEx_CommutationCallback  stm32f4xx_hal_tim_ex.o
    0x08002bac   0x00000034   Code   RO         1941    i.HAL_TIM_Base_Init  stm32f4xx_hal_tim.o
    0x08002be0   0x0000003c   Code   RO         4605    i.HAL_TIM_Base_MspInit  timer.o
    0x08002c1c   0x0000001e   Code   RO         1946    i.HAL_TIM_Base_Start_IT  stm32f4xx_hal_tim.o
    0x08002c3a   0x00000002   Code   RO         1970    i.HAL_TIM_IC_CaptureCallback  stm32f4xx_hal_tim.o
    0x08002c3c   0x00000196   Code   RO         1983    i.HAL_TIM_IRQHandler  stm32f4xx_hal_tim.o
    0x08002dd2   0x00000002   Code   RO         1986    i.HAL_TIM_OC_DelayElapsedCallback  stm32f4xx_hal_tim.o
    0x08002dd4   0x00000002   Code   RO         2013    i.HAL_TIM_PWM_PulseFinishedCallback  stm32f4xx_hal_tim.o
    0x08002dd6   0x00000002   Code   RO         4606    i.HAL_TIM_PeriodElapsedCallback  timer.o
    0x08002dd8   0x00000002   Code   RO         2024    i.HAL_TIM_TriggerCallback  stm32f4xx_hal_tim.o
    0x08002dda   0x00000002   Code   RO         1362    i.HAL_UART_ErrorCallback  stm32f4xx_hal_uart.o
    0x08002ddc   0x00000008   Code   RO         1364    i.HAL_UART_GetState  stm32f4xx_hal_uart.o
    0x08002de4   0x00000130   Code   RO         1365    i.HAL_UART_IRQHandler  stm32f4xx_hal_uart.o
    0x08002f14   0x0000006e   Code   RO         1366    i.HAL_UART_Init     stm32f4xx_hal_uart.o
    0x08002f82   0x00000002   PAD
    0x08002f84   0x0000009c   Code   RO         3892    i.HAL_UART_MspInit  usart.o
    0x08003020   0x00000086   Code   RO         1371    i.HAL_UART_Receive_IT  stm32f4xx_hal_uart.o
    0x080030a6   0x00000002   PAD
    0x080030a8   0x00000088   Code   RO         3893    i.HAL_UART_RxCpltCallback  usart.o
    0x08003130   0x00000002   Code   RO         1377    i.HAL_UART_TxCpltCallback  stm32f4xx_hal_uart.o
    0x08003132   0x00000004   Code   RO          454    i.HardFault_Handler  stm32f4xx_it.o
    0x08003136   0x00000002   PAD
    0x08003138   0x00000050   Code   RO         4407    i.IIC_Ack           myiic.o
    0x08003188   0x0000005c   Code   RO         4408    i.IIC_Init          myiic.o
    0x080031e4   0x00000050   Code   RO         4409    i.IIC_NAck          myiic.o
    0x08003234   0x0000006c   Code   RO         4410    i.IIC_Read_Byte     myiic.o
    0x080032a0   0x00000068   Code   RO         4411    i.IIC_Send_Byte     myiic.o
    0x08003308   0x0000004c   Code   RO         4412    i.IIC_Start         myiic.o
    0x08003354   0x0000004c   Code   RO         4413    i.IIC_Stop          myiic.o
    0x080033a0   0x00000060   Code   RO         4414    i.IIC_Wait_Ack      myiic.o
    0x08003400   0x000000b4   Code   RO         3981    i.KEY_Init          key.o
    0x080034b4   0x000000a0   Code   RO         3982    i.KEY_Scan          key.o
    0x08003554   0x0000009c   Code   RO         4527    i.LAN8720_Init      lan8720.o
    0x080035f0   0x00000048   Code   RO         4014    i.LCD_Clear         lcd.o
    0x08003638   0x00000180   Code   RO         4018    i.LCD_Display_Dir   lcd.o
    0x080037b8   0x00000124   Code   RO         4023    i.LCD_Fast_DrawPoint  lcd.o
    0x080038dc   0x00000070   Code   RO         4024    i.LCD_Fill          lcd.o
    0x0800394c   0x00002464   Code   RO         4025    i.LCD_Init          lcd.o
    0x08005db0   0x00000014   Code   RO         4027    i.LCD_RD_DATA       lcd.o
    0x08005dc4   0x00000060   Code   RO         4030    i.LCD_SSD_BackLightSet  lcd.o
    0x08005e24   0x00000274   Code   RO         4031    i.LCD_Scan_Dir      lcd.o
    0x08006098   0x00000138   Code   RO         4032    i.LCD_SetCursor     lcd.o
    0x080061d0   0x0000013c   Code   RO         4034    i.LCD_ShowChar      lcd.o
    0x0800630c   0x00000066   Code   RO         4036    i.LCD_ShowString    lcd.o
    0x08006372   0x00000002   PAD
    0x08006374   0x00000018   Code   RO         4038    i.LCD_WR_DATA       lcd.o
    0x0800638c   0x00000018   Code   RO         4039    i.LCD_WR_REG        lcd.o
    0x080063a4   0x00000014   Code   RO         4041    i.LCD_WriteRAM_Prepare  lcd.o
    0x080063b8   0x00000010   Code   RO         4042    i.LCD_WriteReg      lcd.o
    0x080063c8   0x0000005c   Code   RO         3957    i.LED_Init          led.o
    0x08006424   0x00000024   Code   RO         4292    i.LTDC_Clear        ltdc.o
    0x08006448   0x00000026   Code   RO         4293    i.LTDC_Clk_Set      ltdc.o
    0x0800646e   0x00000002   PAD
    0x08006470   0x0000002c   Code   RO         4295    i.LTDC_Display_Dir  ltdc.o
    0x0800649c   0x00000050   Code   RO         4296    i.LTDC_Draw_Point   ltdc.o
    0x080064ec   0x00000148   Code   RO         4297    i.LTDC_Fill         ltdc.o
    0x08006634   0x00000238   Code   RO         4298    i.LTDC_Init         ltdc.o
    0x0800686c   0x0000007c   Code   RO         4299    i.LTDC_Layer_Parameter_Config  ltdc.o
    0x080068e8   0x00000030   Code   RO         4301    i.LTDC_Layer_Window_Config  ltdc.o
    0x08006918   0x000000d0   Code   RO         4302    i.LTDC_PanelID_Read  ltdc.o
    0x080069e8   0x0000000c   Code   RO         4304    i.LTDC_Select_Layer  ltdc.o
    0x080069f4   0x00000212   Code   RO         3300    i.LTDC_SetConfig    stm32f4xx_hal_ltdc.o
    0x08006c06   0x00000004   Code   RO          455    i.MemManage_Handler  stm32f4xx_it.o
    0x08006c0a   0x00000002   Code   RO          456    i.NMI_Handler       stm32f4xx_it.o
    0x08006c0c   0x00000010   Code   RO          839    i.NVIC_GetPriorityGrouping  stm32f4xx_hal_cortex.o
    0x08006c1c   0x00000028   Code   RO          840    i.NVIC_SetPriority  stm32f4xx_hal_cortex.o
    0x08006c44   0x00000058   Code   RO         8375    i.OSEventNameSet    os_core.o
    0x08006c9c   0x0000002c   Code   RO         8377    i.OSInit            os_core.o
    0x08006cc8   0x00000030   Code   RO         9047    i.OSInitHookBegin   os_cpu_c.o
    0x08006cf8   0x00000002   Code   RO         9048    i.OSInitHookEnd     os_cpu_c.o
    0x08006cfa   0x00000002   PAD
    0x08006cfc   0x00000024   Code   RO         8378    i.OSIntEnter        os_core.o
    0x08006d20   0x00000090   Code   RO         8379    i.OSIntExit         os_core.o
    0x08006db0   0x000000a0   Code   RO         8775    i.OSQCreate         os_q.o
    0x08006e50   0x00000124   Code   RO         8778    i.OSQPend           os_q.o
    0x08006f74   0x00000072   Code   RO         8780    i.OSQPost           os_q.o
    0x08006fe6   0x00000062   Code   RO         8783    i.OSQQuery          os_q.o
    0x08007048   0x00000040   Code   RO         8380    i.OSSchedLock       os_core.o
    0x08007088   0x00000060   Code   RO         8381    i.OSSchedUnlock     os_core.o
    0x080070e8   0x00000054   Code   RO         8847    i.OSSemCreate       os_sem.o
    0x0800713c   0x000000f0   Code   RO         8849    i.OSSemPend         os_sem.o
    0x0800722c   0x00000058   Code   RO         8851    i.OSSemPost         os_sem.o
    0x08007284   0x00000048   Code   RO         8382    i.OSStart           os_core.o
    0x080072cc   0x0000004c   Code   RO         8383    i.OSStatInit        os_core.o
    0x08007318   0x0000000c   Code   RO         9049    i.OSTCBInitHook     os_cpu_c.o
    0x08007324   0x000000a0   Code   RO         8901    i.OSTaskCreate      os_task.o
    0x080073c4   0x000000b8   Code   RO         8902    i.OSTaskCreateExt   os_task.o
    0x0800747c   0x0000000c   Code   RO         9050    i.OSTaskCreateHook  os_cpu_c.o
    0x08007488   0x00000160   Code   RO         8903    i.OSTaskDel         os_task.o
    0x080075e8   0x0000000c   Code   RO         9051    i.OSTaskDelHook     os_cpu_c.o
    0x080075f4   0x00000008   Code   RO         9052    i.OSTaskIdleHook    os_cpu_c.o
    0x080075fc   0x00000070   Code   RO         8906    i.OSTaskNameSet     os_task.o
    0x0800766c   0x0000000c   Code   RO         9053    i.OSTaskReturnHook  os_cpu_c.o
    0x08007678   0x00000008   Code   RO         9054    i.OSTaskStatHook    os_cpu_c.o
    0x08007680   0x00000088   Code   RO         8912    i.OSTaskStkChk      os_task.o
    0x08007708   0x00000228   Code   RO         9055    i.OSTaskStkInit     os_cpu_c.o
    0x08007930   0x000000a8   Code   RO         8913    i.OSTaskSuspend     os_task.o
    0x080079d8   0x0000003c   Code   RO         9056    i.OSTaskSwHook      os_cpu_c.o
    0x08007a14   0x00000078   Code   RO         9002    i.OSTimeDly         os_time.o
    0x08007a8c   0x00000060   Code   RO         9003    i.OSTimeDlyHMSM     os_time.o
    0x08007aec   0x0000001c   Code   RO         9005    i.OSTimeGet         os_time.o
    0x08007b08   0x000000ec   Code   RO         8384    i.OSTimeTick        os_core.o
    0x08007bf4   0x00000008   Code   RO         9057    i.OSTimeTickHook    os_cpu_c.o
    0x08007bfc   0x00000002   Code   RO         8386    i.OS_Dummy          os_core.o
    0x08007bfe   0x00000002   PAD
    0x08007c00   0x00000090   Code   RO         8387    i.OS_EventTaskRdy   os_core.o
    0x08007c90   0x0000002e   Code   RO         8388    i.OS_EventTaskRemove  os_core.o
    0x08007cbe   0x0000003a   Code   RO         8389    i.OS_EventTaskRemoveMulti  os_core.o
    0x08007cf8   0x0000007c   Code   RO         8390    i.OS_EventTaskWait  os_core.o
    0x08007d74   0x0000001c   Code   RO         8392    i.OS_EventWaitListInit  os_core.o
    0x08007d90   0x00000058   Code   RO         8595    i.OS_FlagInit       os_flag.o
    0x08007de8   0x00000024   Code   RO         8597    i.OS_FlagUnlink     os_flag.o
    0x08007e0c   0x00000060   Code   RO         8393    i.OS_InitEventList  os_core.o
    0x08007e6c   0x0000005c   Code   RO         8394    i.OS_InitMisc       os_core.o
    0x08007ec8   0x00000044   Code   RO         8395    i.OS_InitRdyList    os_core.o
    0x08007f0c   0x00000080   Code   RO         8396    i.OS_InitTCBList    os_core.o
    0x08007f8c   0x00000050   Code   RO         8397    i.OS_InitTaskIdle   os_core.o
    0x08007fdc   0x00000050   Code   RO         8398    i.OS_InitTaskStat   os_core.o
    0x0800802c   0x00000012   Code   RO         8399    i.OS_MemClr         os_core.o
    0x0800803e   0x00000002   PAD
    0x08008040   0x00000050   Code   RO         8784    i.OS_QInit          os_q.o
    0x08008090   0x00000074   Code   RO         8401    i.OS_Sched          os_core.o
    0x08008104   0x0000002c   Code   RO         8402    i.OS_SchedNew       os_core.o
    0x08008130   0x00000140   Code   RO         8404    i.OS_TCBInit        os_core.o
    0x08008270   0x00000028   Code   RO         8405    i.OS_TaskIdle       os_core.o
    0x08008298   0x00000018   Code   RO         8914    i.OS_TaskReturn     os_task.o
    0x080082b0   0x000000a0   Code   RO         8406    i.OS_TaskStat       os_core.o
    0x08008350   0x0000003c   Code   RO         8407    i.OS_TaskStatStkChk  os_core.o
    0x0800838c   0x0000001a   Code   RO         8915    i.OS_TaskStkClr     os_task.o
    0x080083a6   0x00000002   PAD
    0x080083a8   0x0000006c   Code   RO         4473    i.PCF8574_Init      pcf8574.o
    0x08008414   0x00000022   Code   RO         4475    i.PCF8574_ReadOneByte  pcf8574.o
    0x08008436   0x00000026   Code   RO         4476    i.PCF8574_WriteBit  pcf8574.o
    0x0800845c   0x00000028   Code   RO         4477    i.PCF8574_WriteOneByte  pcf8574.o
    0x08008484   0x000000ac   Code   RO         4240    i.SDRAM_Init        sdram.o
    0x08008530   0x00000048   Code   RO         4241    i.SDRAM_Send_Cmd    sdram.o
    0x08008578   0x00000002   Code   RO          457    i.SVC_Handler       stm32f4xx_it.o
    0x0800857a   0x00000002   PAD
    0x0800857c   0x000000b8   Code   RO         3865    i.Stm32_Clock_Init  sys.o
    0x08008634   0x00000020   Code   RO         3802    i.SysTick_Handler   delay.o
    0x08008654   0x00000064   Code   RO          523    i.SystemInit        system_stm32f4xx.o
    0x080086b8   0x00000010   Code   RO         4607    i.TIM3_IRQHandler   timer.o
    0x080086c8   0x00000044   Code   RO         4650    i.TIM4_IRQHandler   usmart.o
    0x0800870c   0x000000e4   Code   RO         2025    i.TIM_Base_SetConfig  stm32f4xx_hal_tim.o
    0x080087f0   0x00000038   Code   RO            4    i.Tcp_Client_Init   main.o
    0x08008828   0x00000060   Code   RO         4651    i.Timer4_Init       usmart.o
    0x08008888   0x00000030   Code   RO         1384    i.UART_EndTransmit_IT  stm32f4xx_hal_uart.o
    0x080088b8   0x000000bc   Code   RO         1385    i.UART_Receive_IT   stm32f4xx_hal_uart.o
    0x08008974   0x00000224   Code   RO         1386    i.UART_SetConfig    stm32f4xx_hal_uart.o
    0x08008b98   0x00000070   Code   RO         1387    i.UART_Transmit_IT  stm32f4xx_hal_uart.o
    0x08008c08   0x00000058   Code   RO         3894    i.USART1_IRQHandler  usart.o
    0x08008c60   0x00000090   Code   RO            5    i.Udp_Client_Init   main.o
    0x08008cf0   0x00000004   Code   RO          458    i.UsageFault_Handler  stm32f4xx_it.o
    0x08008cf4   0x00000020   Code   RO         9472    i.__0printf$8       mc_w.l(printf8.o)
    0x08008d14   0x00000028   Code   RO         9474    i.__0sprintf$8      mc_w.l(printf8.o)
    0x08008d3c   0x0000000e   Code   RO         9569    i.__scatterload_copy  mc_w.l(handlers.o)
    0x08008d4a   0x00000002   Code   RO         9570    i.__scatterload_null  mc_w.l(handlers.o)
    0x08008d4c   0x0000000e   Code   RO         9571    i.__scatterload_zeroinit  mc_w.l(handlers.o)
    0x08008d5a   0x00000002   PAD
    0x08008d5c   0x00000410   Code   RO         9479    i._printf_core      mc_w.l(printf8.o)
    0x0800916c   0x00000024   Code   RO         9480    i._printf_post_padding  mc_w.l(printf8.o)
    0x08009190   0x0000002e   Code   RO         9481    i._printf_pre_padding  mc_w.l(printf8.o)
    0x080091be   0x0000000a   Code   RO         9483    i._sputc            mc_w.l(printf8.o)
    0x080091c8   0x00000020   Code   RO         6536    i.arp_timer         timers.o
    0x080091e8   0x00000044   Code   RO         3803    i.delay_init        delay.o
    0x0800922c   0x00000050   Code   RO         3804    i.delay_ms          delay.o
    0x0800927c   0x00000008   Code   RO         3805    i.delay_osschedlock  delay.o
    0x08009284   0x00000008   Code   RO         3806    i.delay_osschedunlock  delay.o
    0x0800928c   0x0000000c   Code   RO         3807    i.delay_ostimedly   delay.o
    0x08009298   0x00000058   Code   RO         3808    i.delay_us          delay.o
    0x080092f0   0x0000001e   Code   RO            6    i.display_task      main.o
    0x0800930e   0x00000002   PAD
    0x08009310   0x000001c0   Code   RO         5046    i.etharp_arp_input  etharp.o
    0x080094d0   0x000002f0   Code   RO         5049    i.etharp_find_entry  etharp.o
    0x080097c0   0x00000078   Code   RO         5050    i.etharp_free_entry  etharp.o
    0x08009838   0x00000208   Code   RO         5051    i.etharp_output     etharp.o
    0x08009a40   0x00000114   Code   RO         5052    i.etharp_output_to_arp_index  etharp.o
    0x08009b54   0x00000278   Code   RO         5053    i.etharp_query      etharp.o
    0x08009dcc   0x0000019c   Code   RO         5054    i.etharp_raw        etharp.o
    0x08009f68   0x00000030   Code   RO         5055    i.etharp_request    etharp.o
    0x08009f98   0x000000b0   Code   RO         5056    i.etharp_send_ip    etharp.o
    0x0800a048   0x00000094   Code   RO         5057    i.etharp_tmr        etharp.o
    0x0800a0dc   0x00000158   Code   RO         5058    i.etharp_update_arp_entry  etharp.o
    0x0800a234   0x00000144   Code   RO         5059    i.ethernet_input    etharp.o
    0x0800a378   0x000000a4   Code   RO         5156    i.ethernetif_init   ethernetif.o
    0x0800a41c   0x00000030   Code   RO         5157    i.ethernetif_input  ethernetif.o
    0x0800a44c   0x0000001c   Code   RO         3896    i.fputc             usart.o
    0x0800a468   0x00000012   Code   RO         5237    i.icmp_dest_unreach  icmp.o
    0x0800a47a   0x00000002   PAD
    0x0800a47c   0x00000334   Code   RO         5238    i.icmp_input        icmp.o
    0x0800a7b0   0x00000120   Code   RO         5239    i.icmp_send_response  icmp.o
    0x0800a8d0   0x00000012   Code   RO         5240    i.icmp_time_exceeded  icmp.o
    0x0800a8e2   0x00000014   Code   RO         5321    i.inet_chksum       inet_chksum.o
    0x0800a8f6   0x00000056   Code   RO         5322    i.inet_chksum_pbuf  inet_chksum.o
    0x0800a94c   0x0000004e   Code   RO         5428    i.ip4_addr_isbroadcast  ip_addr.o
    0x0800a99a   0x00000002   PAD
    0x0800a99c   0x0000023c   Code   RO         5496    i.ip_frag           ip_frag.o
    0x0800abd8   0x0000000a   Code   RO         5497    i.ip_frag_alloc_pbuf_custom_ref  ip_frag.o
    0x0800abe2   0x00000002   PAD
    0x0800abe4   0x0000008c   Code   RO         5498    i.ip_frag_free_pbuf_custom_ref  ip_frag.o
    0x0800ac70   0x000001c8   Code   RO         5368    i.ip_input          ip.o
    0x0800ae38   0x000000b4   Code   RO         5369    i.ip_output         ip.o
    0x0800aeec   0x00000190   Code   RO         5370    i.ip_output_if      ip.o
    0x0800b07c   0x000001a4   Code   RO         5499    i.ip_reass          ip_frag.o
    0x0800b220   0x00000310   Code   RO         5500    i.ip_reass_chain_frag_into_datagram_and_validate  ip_frag.o
    0x0800b530   0x000000b8   Code   RO         5501    i.ip_reass_dequeue_datagram  ip_frag.o
    0x0800b5e8   0x00000058   Code   RO         5502    i.ip_reass_enqueue_new_datagram  ip_frag.o
    0x0800b640   0x000001cc   Code   RO         5503    i.ip_reass_free_complete_datagram  ip_frag.o
    0x0800b80c   0x0000007c   Code   RO         5504    i.ip_reass_remove_oldest_datagram  ip_frag.o
    0x0800b888   0x00000020   Code   RO         6537    i.ip_reass_timer    timers.o
    0x0800b8a8   0x0000003c   Code   RO         5505    i.ip_reass_tmr      ip_frag.o
    0x0800b8e4   0x00000058   Code   RO         5371    i.ip_route          ip.o
    0x0800b93c   0x000000bc   Code   RO         5506    i.ipfrag_free_pbuf_custom  ip_frag.o
    0x0800b9f8   0x00000088   Code   RO         5158    i.low_level_init    ethernetif.o
    0x0800ba80   0x00000108   Code   RO         5159    i.low_level_input   ethernetif.o
    0x0800bb88   0x000000f0   Code   RO         5160    i.low_level_output  ethernetif.o
    0x0800bc78   0x00000060   Code   RO         4932    i.lwip_comm_default_ip_set  lwip_comm.o
    0x0800bcd8   0x00000200   Code   RO         4933    i.lwip_comm_init    lwip_comm.o
    0x0800bed8   0x0000003c   Code   RO         4934    i.lwip_comm_mem_free  lwip_comm.o
    0x0800bf14   0x00000074   Code   RO         4935    i.lwip_comm_mem_malloc  lwip_comm.o
    0x0800bf88   0x0000001a   Code   RO         5574    i.lwip_htonl        def.o
    0x0800bfa2   0x0000000c   Code   RO         5575    i.lwip_htons        def.o
    0x0800bfae   0x00000024   Code   RO         5652    i.lwip_init         init.o
    0x0800bfd2   0x0000000c   Code   RO         5576    i.lwip_ntohl        def.o
    0x0800bfde   0x0000000c   Code   RO         5577    i.lwip_ntohs        def.o
    0x0800bfea   0x00000002   PAD
    0x0800bfec   0x00000010   Code   RO         4936    i.lwip_pkt_handle   lwip_comm.o
    0x0800bffc   0x00000002   Code   RO         7307    i.lwip_socket_init  sockets.o
    0x0800bffe   0x0000005e   Code   RO         5325    i.lwip_standard_chksum  inet_chksum.o
    0x0800c05c   0x00000190   Code   RO            8    i.main              main.o
    0x0800c1ec   0x00000022   Code   RO         5688    i.mem_calloc        mem.o
    0x0800c20e   0x00000002   PAD
    0x0800c210   0x00000168   Code   RO         5689    i.mem_free          mem.o
    0x0800c378   0x000000f4   Code   RO         5690    i.mem_init          mem.o
    0x0800c46c   0x00000288   Code   RO         5691    i.mem_malloc        mem.o
    0x0800c6f4   0x000001ec   Code   RO         5692    i.mem_trim          mem.o
    0x0800c8e0   0x000000c0   Code   RO         5744    i.memp_free         memp.o
    0x0800c9a0   0x00000008   Code   RO         5745    i.memp_get_memorysize  memp.o
    0x0800c9a8   0x00000068   Code   RO         5746    i.memp_init         memp.o
    0x0800ca10   0x00000100   Code   RO         5747    i.memp_malloc       memp.o
    0x0800cb10   0x0000006c   Code   RO         4848    i.my_mem_free       malloc.o
    0x0800cb7c   0x0000002c   Code   RO         4849    i.my_mem_init       malloc.o
    0x0800cba8   0x000000a8   Code   RO         4850    i.my_mem_malloc     malloc.o
    0x0800cc50   0x00000040   Code   RO         4851    i.my_mem_perused    malloc.o
    0x0800cc90   0x00000024   Code   RO         4852    i.myfree            malloc.o
    0x0800ccb4   0x00000028   Code   RO         4853    i.mymalloc          malloc.o
    0x0800ccdc   0x00000014   Code   RO         4855    i.mymemset          malloc.o
    0x0800ccf0   0x00000104   Code   RO         5807    i.netif_add         netif.o
    0x0800cdf4   0x00000002   Code   RO         5809    i.netif_init        netif.o
    0x0800cdf6   0x00000028   Code   RO         5811    i.netif_set_addr    netif.o
    0x0800ce1e   0x00000002   PAD
    0x0800ce20   0x00000010   Code   RO         5812    i.netif_set_default  netif.o
    0x0800ce30   0x00000010   Code   RO         5814    i.netif_set_gw      netif.o
    0x0800ce40   0x00000084   Code   RO         5815    i.netif_set_ipaddr  netif.o
    0x0800cec4   0x00000010   Code   RO         5818    i.netif_set_netmask  netif.o
    0x0800ced4   0x00000036   Code   RO         5819    i.netif_set_up      netif.o
    0x0800cf0a   0x00000002   PAD
    0x0800cf0c   0x0000041c   Code   RO         5913    i.pbuf_alloc        pbuf.o
    0x0800d328   0x00000108   Code   RO         5914    i.pbuf_alloced_custom  pbuf.o
    0x0800d430   0x00000148   Code   RO         5915    i.pbuf_cat          pbuf.o
    0x0800d578   0x0000001a   Code   RO         5916    i.pbuf_chain        pbuf.o
    0x0800d592   0x00000012   Code   RO         5917    i.pbuf_clen         pbuf.o
    0x0800d5a4   0x00000238   Code   RO         5919    i.pbuf_copy         pbuf.o
    0x0800d7dc   0x0000014c   Code   RO         5920    i.pbuf_copy_partial  pbuf.o
    0x0800d928   0x000001c0   Code   RO         5922    i.pbuf_free         pbuf.o
    0x0800dae8   0x00000154   Code   RO         5924    i.pbuf_header       pbuf.o
    0x0800dc3c   0x000001c4   Code   RO         5927    i.pbuf_realloc      pbuf.o
    0x0800de00   0x0000001a   Code   RO         5928    i.pbuf_ref          pbuf.o
    0x0800de1a   0x00000002   PAD
    0x0800de1c   0x0000002c   Code   RO            9    i.pjlink_task       main.o
    0x0800de48   0x000001b4   Code   RO         5693    i.plug_holes        mem.o
    0x0800dffc   0x00000074   Code   RO         6041    i.raw_input         raw.o
    0x0800e070   0x00000006   Code   RO         4652    i.read_addr         usmart.o
    0x0800e076   0x00000002   PAD
    0x0800e078   0x000001b8   Code   RO           10    i.show_address      main.o
    0x0800e230   0x00000048   Code   RO           11    i.start_task        main.o
    0x0800e278   0x000000f4   Code   RO         6696    i.sys_arch_mbox_fetch  sys_arch.o
    0x0800e36c   0x00000064   Code   RO         6698    i.sys_arch_sem_wait  sys_arch.o
    0x0800e3d0   0x00000002   Code   RO         6699    i.sys_init          sys_arch.o
    0x0800e3d2   0x00000002   PAD
    0x0800e3d4   0x000000bc   Code   RO         6701    i.sys_mbox_new      sys_arch.o
    0x0800e490   0x00000024   Code   RO         6704    i.sys_mbox_trypost  sys_arch.o
    0x0800e4b4   0x00000038   Code   RO         6705    i.sys_mbox_valid    sys_arch.o
    0x0800e4ec   0x000000a0   Code   RO         6709    i.sys_sem_new       sys_arch.o
    0x0800e58c   0x0000000c   Code   RO         6711    i.sys_sem_signal    sys_arch.o
    0x0800e598   0x00000058   Code   RO         6713    i.sys_thread_new    sys_arch.o
    0x0800e5f0   0x00000148   Code   RO         6538    i.sys_timeout       timers.o
    0x0800e738   0x00000024   Code   RO         6539    i.sys_timeouts_init  timers.o
    0x0800e75c   0x00000088   Code   RO         6540    i.sys_timeouts_mbox_fetch  timers.o
    0x0800e7e4   0x00000060   Code   RO         6541    i.sys_untimeout     timers.o
    0x0800e844   0x00000134   Code   RO         6125    i.tcp_abandon       tcp.o
    0x0800e978   0x0000000e   Code   RO         6126    i.tcp_abort         tcp.o
    0x0800e986   0x00000002   PAD
    0x0800e988   0x000000c4   Code   RO         6129    i.tcp_alloc         tcp.o
    0x0800ea4c   0x00000004   Code   RO         6130    i.tcp_arg           tcp.o
    0x0800ea50   0x00000128   Code   RO         6131    i.tcp_bind          tcp.o
    0x0800eb78   0x00000048   Code   RO           12    i.tcp_client_connected  main.o
    0x0800ebc0   0x000000a4   Code   RO           13    i.tcp_client_recv   main.o
    0x0800ec64   0x0000001c   Code   RO         6132    i.tcp_close         tcp.o
    0x0800ec80   0x0000024c   Code   RO         6133    i.tcp_close_shutdown  tcp.o
    0x0800eecc   0x000001ec   Code   RO         6134    i.tcp_connect       tcp.o
    0x0800f0b8   0x000000b8   Code   RO         6426    i.tcp_create_segment  tcp_out.o
    0x0800f170   0x0000002e   Code   RO         6136    i.tcp_eff_send_mss  tcp.o
    0x0800f19e   0x00000002   PAD
    0x0800f1a0   0x000002a4   Code   RO         6427    i.tcp_enqueue_flags  tcp_out.o
    0x0800f444   0x00000080   Code   RO         6138    i.tcp_fasttmr       tcp.o
    0x0800f4c4   0x00000002   Code   RO         6139    i.tcp_init          tcp.o
    0x0800f4c6   0x00000002   PAD
    0x0800f4c8   0x000006b8   Code   RO         6366    i.tcp_input         tcp_in.o
    0x0800fb80   0x00000054   Code   RO         6428    i.tcp_keepalive     tcp_out.o
    0x0800fbd4   0x00000058   Code   RO         6140    i.tcp_kill_prio     tcp.o
    0x0800fc2c   0x00000040   Code   RO         6141    i.tcp_kill_timewait  tcp.o
    0x0800fc6c   0x0000013c   Code   RO         6367    i.tcp_listen_input  tcp_in.o
    0x0800fda8   0x0000000a   Code   RO         6143    i.tcp_new           tcp.o
    0x0800fdb2   0x00000002   PAD
    0x0800fdb4   0x00000068   Code   RO         6144    i.tcp_new_port      tcp.o
    0x0800fe1c   0x0000001c   Code   RO         6145    i.tcp_next_iss      tcp.o
    0x0800fe38   0x00000284   Code   RO         6429    i.tcp_output        tcp_out.o
    0x080100bc   0x00000118   Code   RO         6430    i.tcp_output_alloc_header  tcp_out.o
    0x080101d4   0x000000d8   Code   RO         6431    i.tcp_output_segment  tcp_out.o
    0x080102ac   0x000000d0   Code   RO         6368    i.tcp_parseopt      tcp_in.o
    0x0801037c   0x000000f8   Code   RO         6432    i.tcp_pbuf_prealloc  tcp_out.o
    0x08010474   0x00000058   Code   RO         6146    i.tcp_pcb_purge     tcp.o
    0x080104cc   0x00000140   Code   RO         6147    i.tcp_pcb_remove    tcp.o
    0x0801060c   0x00000698   Code   RO         6369    i.tcp_process       tcp_in.o
    0x08010ca4   0x00000094   Code   RO         6149    i.tcp_process_refused_data  tcp.o
    0x08010d38   0x00000924   Code   RO         6370    i.tcp_receive       tcp_in.o
    0x0801165c   0x000000a0   Code   RO         6150    i.tcp_recv          tcp.o
    0x080116fc   0x0000002e   Code   RO         6151    i.tcp_recv_null     tcp.o
    0x0801172a   0x00000002   PAD
    0x0801172c   0x0000011c   Code   RO         6152    i.tcp_recved        tcp.o
    0x08011848   0x0000005a   Code   RO         6433    i.tcp_rexmit        tcp_out.o
    0x080118a2   0x00000078   Code   RO         6434    i.tcp_rexmit_fast   tcp_out.o
    0x0801191a   0x0000003a   Code   RO         6435    i.tcp_rexmit_rto    tcp_out.o
    0x08011954   0x00000120   Code   RO         6436    i.tcp_rst           tcp_out.o
    0x08011a74   0x0000001a   Code   RO         6153    i.tcp_seg_free      tcp.o
    0x08011a8e   0x00000018   Code   RO         6154    i.tcp_segs_free     tcp.o
    0x08011aa6   0x00000056   Code   RO         6437    i.tcp_send_empty_ack  tcp_out.o
    0x08011afc   0x0000004a   Code   RO         6438    i.tcp_send_fin      tcp_out.o
    0x08011b46   0x00000002   PAD
    0x08011b48   0x000005f0   Code   RO         6158    i.tcp_slowtmr       tcp.o
    0x08012138   0x00000038   Code   RO         6542    i.tcp_timer_needed  timers.o
    0x08012170   0x000000ac   Code   RO         6371    i.tcp_timewait_input  tcp_in.o
    0x0801221c   0x00000024   Code   RO         6159    i.tcp_tmr           tcp.o
    0x08012240   0x000000d4   Code   RO         6160    i.tcp_update_rcv_ann_wnd  tcp.o
    0x08012314   0x0000071c   Code   RO         6439    i.tcp_write         tcp_out.o
    0x08012a30   0x00000184   Code   RO         6440    i.tcp_write_checks  tcp_out.o
    0x08012bb4   0x000000b4   Code   RO         6441    i.tcp_zero_window_probe  tcp_out.o
    0x08012c68   0x000000dc   Code   RO         7480    i.tcpip_init        tcpip.o
    0x08012d44   0x0000004c   Code   RO         7481    i.tcpip_input       tcpip.o
    0x08012d90   0x00000038   Code   RO         6543    i.tcpip_tcp_timer   timers.o
    0x08012dc8   0x00000164   Code   RO         7482    i.tcpip_thread      tcpip.o
    0x08012f2c   0x00000038   Code   RO         3897    i.uart_init         usart.o
    0x08012f64   0x0000010c   Code   RO         6601    i.udp_bind          udp.o
    0x08013070   0x00000002   Code   RO         6604    i.udp_init          udp.o
    0x08013072   0x00000002   PAD
    0x08013074   0x0000024c   Code   RO         6605    i.udp_input         udp.o
    0x080132c0   0x0000001c   Code   RO         6606    i.udp_new           udp.o
    0x080132dc   0x00000058   Code   RO         6607    i.udp_new_port      udp.o
    0x08013334   0x00000036   Code   RO         6611    i.udp_sendto        udp.o
    0x0801336a   0x00000002   PAD
    0x0801336c   0x00000188   Code   RO         6612    i.udp_sendto_if     udp.o
    0x080134f4   0x000000b0   Code   RO         4653    i.usmart_cmd_rec    usmart.o
    0x080135a4   0x000002d4   Code   RO         4654    i.usmart_exe        usmart.o
    0x08013878   0x000000c8   Code   RO         4739    i.usmart_get_aparm  usmart_str.o
    0x08013940   0x00000036   Code   RO         4740    i.usmart_get_cmdname  usmart_str.o
    0x08013976   0x00000002   PAD
    0x08013978   0x000001c0   Code   RO         4741    i.usmart_get_fname  usmart_str.o
    0x08013b38   0x0000010c   Code   RO         4742    i.usmart_get_fparam  usmart_str.o
    0x08013c44   0x00000020   Code   RO         4743    i.usmart_get_parmpos  usmart_str.o
    0x08013c64   0x00000044   Code   RO         4655    i.usmart_get_runtime  usmart.o
    0x08013ca8   0x00000028   Code   RO         4656    i.usmart_init       usmart.o
    0x08013cd0   0x00000016   Code   RO         4744    i.usmart_pow        usmart_str.o
    0x08013ce6   0x00000002   PAD
    0x08013ce8   0x00000034   Code   RO         4657    i.usmart_reset_runtime  usmart.o
    0x08013d1c   0x000000bc   Code   RO         4658    i.usmart_scan       usmart.o
    0x08013dd8   0x00000016   Code   RO         4745    i.usmart_search_nextc  usmart_str.o
    0x08013dee   0x000000ca   Code   RO         4746    i.usmart_str2num    usmart_str.o
    0x08013eb8   0x00000022   Code   RO         4747    i.usmart_strcmp     usmart_str.o
    0x08013eda   0x00000016   Code   RO         4748    i.usmart_strcopy    usmart_str.o
    0x08013ef0   0x00000018   Code   RO         4749    i.usmart_strlen     usmart_str.o
    0x08013f08   0x000006e4   Code   RO         4659    i.usmart_sys_cmd_exe  usmart.o
    0x080145ec   0x00000004   Code   RO         4660    i.write_addr        usmart.o
    0x080145f0   0x00000010   Data   RO         1223    .constdata          stm32f4xx_hal_rcc.o
    0x08014600   0x00004740   Data   RO         4045    .constdata          lcd.o
    0x08018d40   0x00000024   Data   RO         4862    .constdata          malloc.o
    0x08018d64   0x0000000c   Data   RO         5061    .constdata          etharp.o
    0x08018d70   0x00000008   Data   RO         5435    .constdata          ip_addr.o
    0x08018d78   0x00000038   Data   RO         5749    .constdata          memp.o
    0x08018db0   0x00000050   Data   RO         6161    .constdata          tcp.o
    0x08018e00   0x00000004   Data   RO         6714    .constdata          sys_arch.o
    0x08018e04   0x00000100   Data   RO         8409    .constdata          os_core.o
    0x08018f04   0x00000028   Data   RO         4662    .conststring        usmart.o
    0x08018f2c   0x0000007f   Data   RO         4823    .conststring        usmart_config.o
    0x08018fab   0x00000001   PAD
    0x08018fac   0x00000044   Data   RO         5062    .conststring        etharp.o
    0x08018ff0   0x000000a0   Data   RO         5750    .conststring        memp.o
    0x08019090   0x0000006d   Data   RO         6162    .conststring        tcp.o
    0x080190fd   0x00000003   PAD
    0x08019100   0x00000055   Data   RO         6442    .conststring        tcp_out.o
    0x08019155   0x00000003   PAD
    0x08019158   0x00000020   Data   RO         9567    Region$$Table       anon$$obj.o


    Execution Region RW_IRAM1 (Base: 0x20000000, Size: 0x0001e7c0, Max: 0x00030000, ABSOLUTE, COMPRESSED[0x000000bc])

    Base Addr    Size         Type   Attr      Idx    E Section Name        Object

    0x20000000   0x00000008   Data   RW           15    .data               main.o
    0x20000008   0x00000014   Data   RW          524    .data               system_stm32f4xx.o
    0x2000001c   0x00000004   Data   RW          688    .data               stm32f4xx_hal.o
    0x20000020   0x00000006   Data   RW         3809    .data               delay.o
    0x20000026   0x00000002   PAD
    0x20000028   0x00000007   Data   RW         3899    .data               usart.o
    0x2000002f   0x00000001   Data   RW         3983    .data               key.o
    0x20000030   0x00000008   Data   RW         4046    .data               lcd.o
    0x20000038   0x00000008   Data   RW         4308    .data               ltdc.o
    0x20000040   0x00000010   Data   RW         4531    .data               lan8720.o
    0x20000050   0x0000001c   Data   RW         4663    .data               usmart.o
    0x2000006c   0x00000114   Data   RW         4824    .data               usmart_config.o
    0x20000180   0x00000024   Data   RW         4863    .data               malloc.o
    0x200001a4   0x00000008   Data   RW         4938    .data               lwip_comm.o
    0x200001ac   0x00000001   Data   RW         5063    .data               etharp.o
    0x200001ad   0x00000003   PAD
    0x200001b0   0x00000012   Data   RW         5372    .data               ip.o
    0x200001c2   0x00000002   PAD
    0x200001c4   0x00000006   Data   RW         5507    .data               ip_frag.o
    0x200001ca   0x00000002   PAD
    0x200001cc   0x00000014   Data   RW         5694    .data               mem.o
    0x200001e0   0x0000003c   Data   RW         5751    .data               memp.o
    0x2000021c   0x00000009   Data   RW         5820    .data               netif.o
    0x20000225   0x00000003   PAD
    0x20000228   0x00000004   Data   RW         6047    .data               raw.o
    0x2000022c   0x00000024   Data   RW         6163    .data               tcp.o
    0x20000250   0x00000020   Data   RW         6373    .data               tcp_in.o
    0x20000270   0x00000008   Data   RW         6544    .data               timers.o
    0x20000278   0x00000008   Data   RW         6613    .data               udp.o
    0x20000280   0x0000000c   Data   RW         7486    .data               tcpip.o
    0x2000028c   0x0000004c   Data   RW         8410    .data               os_core.o
    0x200002d8   0x00000004   Data   RW         9061    .data               os_cpu_c.o
    0x200002dc   0x00002200   Zero   RW           14    .bss                main.o
    0x200024dc   0x00000108   Zero   RW         3898    .bss                usart.o
    0x200025e4   0x0000005e   Zero   RW         4044    .bss                lcd.o
    0x20002642   0x00000002   PAD
    0x20002644   0x00000034   Zero   RW         4242    .bss                sdram.o
    0x20002678   0x00000108   Zero   RW         4307    .bss                ltdc.o
    0x20002780   0x00000048   Zero   RW         4530    .bss                lan8720.o
    0x200027c8   0x0000003c   Zero   RW         4609    .bss                timer.o
    0x20002804   0x0000003c   Zero   RW         4661    .bss                usmart.o
    0x20002840   0x0001a900   Zero   RW         4861    .bss                malloc.o
    0x2001d140   0x00000048   Zero   RW         4937    .bss                lwip_comm.o
    0x2001d188   0x000000c8   Zero   RW         5060    .bss                etharp.o
    0x2001d250   0x00000038   Zero   RW         5748    .bss                memp.o
    0x2001d288   0x00000014   Zero   RW         6372    .bss                tcp_in.o
    0x2001d29c   0x00000f20   Zero   RW         8408    .bss                os_core.o
    0x2001e1bc   0x00000200   Zero   RW         9060    .bss                os_cpu_c.o
    0x2001e3bc   0x00000004   PAD
    0x2001e3c0   0x00000400   Zero   RW          655    STACK               startup_stm32f429xx.o



  Load Region LR$$.ARM.__AT_0x10000000 (Base: 0x10000000, Size: 0x00000000, Max: 0x0000f000, ABSOLUTE)

    Execution Region ER$$.ARM.__AT_0x10000000 (Base: 0x10000000, Size: 0x0000f000, Max: 0x0000f000, ABSOLUTE, UNINIT)

    Base Addr    Size         Type   Attr      Idx    E Section Name        Object

    0x10000000   0x0000f000   Zero   RW         4857    .ARM.__AT_0x10000000  malloc.o



  Load Region LR$$.ARM.__AT_0x1000F000 (Base: 0x1000f000, Size: 0x00000000, Max: 0x00000f00, ABSOLUTE)

    Execution Region ER$$.ARM.__AT_0x1000F000 (Base: 0x1000f000, Size: 0x00000f00, Max: 0x00000f00, ABSOLUTE, UNINIT)

    Base Addr    Size         Type   Attr      Idx    E Section Name        Object

    0x1000f000   0x00000f00   Zero   RW         4858    .ARM.__AT_0x1000F000  malloc.o



  Load Region LR$$.ARM.__AT_0xC0000000 (Base: 0xc0000000, Size: 0x00000000, Max: 0x001f4000, ABSOLUTE)

    Execution Region ER$$.ARM.__AT_0xC0000000 (Base: 0xc0000000, Size: 0x001f4000, Max: 0x001f4000, ABSOLUTE, UNINIT)

    Base Addr    Size         Type   Attr      Idx    E Section Name        Object

    0xc0000000   0x001f4000   Zero   RW         4306    .ARM.__AT_0xC0000000  ltdc.o



  Load Region LR$$.ARM.__AT_0xC01F4000 (Base: 0xc01f4000, Size: 0x00000000, Max: 0x01c3c000, ABSOLUTE)

    Execution Region ER$$.ARM.__AT_0xC01F4000 (Base: 0xc01f4000, Size: 0x01c3c000, Max: 0x01c3c000, ABSOLUTE, UNINIT)

    Base Addr    Size         Type   Attr      Idx    E Section Name        Object

    0xc01f4000   0x01c3c000   Zero   RW         4859    .ARM.__AT_0xC01F4000  malloc.o



  Load Region LR$$.ARM.__AT_0xC1E30000 (Base: 0xc1e30000, Size: 0x00000000, Max: 0x001c3c00, ABSOLUTE)

    Execution Region ER$$.ARM.__AT_0xC1E30000 (Base: 0xc1e30000, Size: 0x001c3c00, Max: 0x001c3c00, ABSOLUTE, UNINIT)

    Base Addr    Size         Type   Attr      Idx    E Section Name        Object

    0xc1e30000   0x001c3c00   Zero   RW         4860    .ARM.__AT_0xC1E30000  malloc.o


==============================================================================

Image component sizes


      Code (inc. data)   RO Data    RW Data    ZI Data      Debug   Object Name

        16          0          0          0          0       4604   app_hooks.o
        62          0          0          0          0       2532   def.o
       296         32          0          6          0       4653   delay.o
      4200       1318         80          1        200      14741   etharp.o
       852        144          0          0          0       7464   ethernetif.o
      1144        456          0          0          0       4298   icmp.o
         0          0          0          0          0       3900   inet.o
       200          0          0          0          0       3033   inet_chksum.o
        36          0          0          0          0        604   init.o
      1124        274          0         18          0       8697   ip.o
        78          0          8          0          0       7226   ip_addr.o
      3030        954          0          6          0      11720   ip_frag.o
       340         34          0          1          0       1926   key.o
       668         58          0         16         72       4654   lan8720.o
     11898        210      18240          8         94      20654   lcd.o
        92         10          0          0          0       1003   led.o
      1834        124          0          8    2048264      10798   ltdc.o
       800        258          0          8         72      23807   lwip_comm.o
      1422        390          0          8       8704     505633   main.o
       480         54         36         36   31630336       7174   malloc.o
      2214        938          0         20          0       6714   mem.o
       560        288        216         60         56       4582   memp.o
       712        114          0          0          0       5538   myiic.o
       536        128          0          9          0       8466   netif.o
      2560        432        256         76       3872      28132   os_core.o
       220         36          0          0          0        464   os_cpu_a.o
       734        130          0          4        512      17075   os_cpu_c.o
       124         14          0          0          0       1450   os_flag.o
       744         38          0          0          0       5010   os_q.o
       412         24          0          0          0       2914   os_sem.o
      1162        116          0          0          0       7864   os_task.o
       244         34          0          0          0       2292   os_time.o
      3854       1630          0          0          0      11099   pbuf.o
       220         10          0          0          0       3179   pcf8574.o
       116         14          0          4          0       1760   raw.o
       552         40          0          0         52       3346   sdram.o
         2          0          0          0          0        567   sockets.o
        76         16        428          0       1024        884   startup_stm32f429xx.o
       160         16          0          4          0       5352   stm32f4xx_hal.o
       338         22          0          0          0      31985   stm32f4xx_hal_cortex.o
      2530         46          0          0          0      13775   stm32f4xx_hal_eth.o
       568         54          0          0          0       3387   stm32f4xx_hal_gpio.o
      1144          6          0          0          0       5117   stm32f4xx_hal_ltdc.o
       164         12          0          0          0       1424   stm32f4xx_hal_pwr_ex.o
      2044         66         16          0          0       6595   stm32f4xx_hal_rcc.o
       872         24          0          0          0       1708   stm32f4xx_hal_rcc_ex.o
       162          0          0          0          0       3028   stm32f4xx_hal_sdram.o
        88          0          0          0          0       1352   stm32f4xx_hal_sram.o
       724         44          0          0          0       6371   stm32f4xx_hal_tim.o
         4          0          0          0          0       1802   stm32f4xx_hal_tim_ex.o
      1456         10          0          0          0       8455   stm32f4xx_hal_uart.o
        22          0          0          0          0       3635   stm32f4xx_it.o
       658         12          0          0          0       6468   stm32f4xx_ll_fmc.o
       200          8          0          0          0       1915   sys.o
       886        290          4          0          0       8492   sys_arch.o
       100         18          0         20          0       1257   system_stm32f4xx.o
      5260       1622        189         36          0      31941   tcp.o
      6444       1182          0         32         20      17755   tcp_in.o
      5436       1514         85          0          0      17115   tcp_out.o
       652        284          0         12          0       8703   tcpip.o
        78         12          0          0         60       2536   timer.o
       772        218          0          8          0       6839   timers.o
      1420        368          0          8          0       8576   udp.o
       464         60          0          7        264       5497   usart.o
      3186       1338         40         28         60       8819   usmart.o
         0          0        127        276          0       1716   usmart_config.o
      1328         20          0          0          0       9681   usmart_str.o

    ----------------------------------------------------------------------
     80842      15564      19764        732   33693668     991753   Object Totals
         0          0         32          0          0          0   (incl. Generated)
        68          0          7         12          6          0   (incl. Padding)

    ----------------------------------------------------------------------

      Code (inc. data)   RO Data    RW Data    ZI Data      Debug   Library Member Name

        86          0          0          0          0          0   __dczerorl2.o
         0          0          0          0          0          0   entry.o
         0          0          0          0          0          0   entry10a.o
         0          0          0          0          0          0   entry11a.o
         8          4          0          0          0          0   entry2.o
         4          0          0          0          0          0   entry5.o
         0          0          0          0          0          0   entry7b.o
         0          0          0          0          0          0   entry8b.o
         8          4          0          0          0          0   entry9a.o
        30          0          0          0          0          0   handlers.o
        36          8          0          0          0         68   init.o
         0          0          0          0          0          0   iusefp.o
        30          0          0          0          0         68   llshl.o
        32          0          0          0          0         68   llushr.o
        26          0          0          0          0         80   memcmp.o
        36          0          0          0          0         68   memcpya.o
        36          0          0          0          0        108   memseta.o
      1204         60          0          0          0        504   printf8.o
        28          0          0          0          0         76   strcmp.o
        14          0          0          0          0         68   strlen.o
        98          0          0          0          0         92   uldiv.o
       186          0          0          0          0        176   depilogue.o
        50          0          0          0          0         76   dfixui.o
        26          0          0          0          0         76   dfltui.o
       228          0          0          0          0         96   dmul.o

    ----------------------------------------------------------------------
      2170         76          0          0          0       1624   Library Totals
         4          0          0          0          0          0   (incl. Padding)

    ----------------------------------------------------------------------

      Code (inc. data)   RO Data    RW Data    ZI Data      Debug   Library Name

      1676         76          0          0          0       1200   mc_w.l
       490          0          0          0          0        424   mf_w.l

    ----------------------------------------------------------------------
      2170         76          0          0          0       1624   Library Totals

    ----------------------------------------------------------------------

==============================================================================


      Code (inc. data)   RO Data    RW Data    ZI Data      Debug   

     83012      15640      19764        732   33693668     952329   Grand Totals
     83012      15640      19764        188   33693668     952329   ELF Image Totals (compressed)
     83012      15640      19764        188          0          0   ROM Totals

==============================================================================

    Total RO  Size (Code + RO Data)               102776 ( 100.37kB)
    Total RW  Size (RW Data + ZI Data)          33694400 (32904.69kB)
    Total ROM Size (Code + RO Data + RW Data)     102964 ( 100.55kB)

==============================================================================

