<html>
<body>
<pre>
<h1>礦ision Build Log</h1>
<h2>Tool Versions:</h2>
IDE-Version: μVision V5.21.0.0
Copyright (C) 2016 ARM Ltd and ARM Germany GmbH. All rights reserved.
License Information: qq qq, qq, LIC=WHYBS-LNV8J-55JT2-93PJK-SQ46Z-GM0WG
 
Tool Versions:
Toolchain:       MDK-ARM Plus  Version: 5.21
Toolchain Path:  C:\Keil_v5\ARM\ARMCC\Bin
C Compiler:      Armcc.exe V5.06 update 3 (build 300)
Assembler:       Armasm.exe V5.06 update 3 (build 300)
Linker/Locator:  ArmLink.exe V5.06 update 3 (build 300)
Library Manager: ArmAr.exe V5.06 update 3 (build 300)
Hex Converter:   FromElf.exe V5.06 update 3 (build 300)
CPU DLL:         SARMCM3.DLL V5.21
Dialog DLL:      DCM.DLL V1.13.8.0
Target DLL:      STLink\ST-LINKIII-KEIL_SWO.dll V2.0.18.0
Dialog DLL:      TCM.DLL V1.14.14.0
 
<h2>Project:</h2>
D:\新建文件夹\嵌入式实时操作系统\STM32F429 LWIP例程V2.0\网络实验2 LWIP带UCOSII操作系统移植\USER\NETWORK.uvprojx
Project File Date:  01/27/2018

<h2>Output:</h2>
*** Using Compiler 'V5.06 update 3 (build 300)', folder: 'C:\Keil_v5\ARM\ARMCC\Bin'
Build target 'NETWORK'
compiling main.c...
main.c(205): warning:  #111-D: statement is unreachable
     pbuf_free(q); 
main.c: 1 warning, 0 errors
linking...
Program Size: Code=83012 RO-data=19764 RW-data=732 ZI-data=33693668  
FromELF: creating hex file...
"..\OBJ\Tempate.axf" - 0 Error(s), 1 Warning(s).

<h2>Collection of Component include folders:</h2>
  D:\新建文件夹\嵌入式实时操作系统\STM32F429 LWIP例程V2.0\网络实验2 LWIP带UCOSII操作系统移植\USER\RTE
  C:\Keil_v5\ARM\PACK\Keil\STM32F4xx_DFP\2.11.0\Drivers\CMSIS\Device\ST\STM32F4xx\Include

<h2>Collection of Component Files used:</h2>
Build Time Elapsed:  00:00:04
</pre>
</body>
</html>
